Return-Path: <linux-kernel-owner@vger.kernel.org>
X-Original-To: lists+linux-kernel@lfdr.de
Delivered-To: lists+linux-kernel@lfdr.de
Received: from vger.kernel.org (vger.kernel.org [23.128.96.18])
	by mail.lfdr.de (Postfix) with ESMTP id 5D4033237F8
	for <lists+linux-kernel@lfdr.de>; Wed, 24 Feb 2021 08:35:48 +0100 (CET)
Received: (majordomo@vger.kernel.org) by vger.kernel.org via listexpand
        id S231252AbhBXHem (ORCPT <rfc822;lists+linux-kernel@lfdr.de>);
        Wed, 24 Feb 2021 02:34:42 -0500
Received: from mga03.intel.com ([134.134.136.65]:35969 "EHLO mga03.intel.com"
        rhost-flags-OK-OK-OK-OK) by vger.kernel.org with ESMTP
        id S232417AbhBXHe2 (ORCPT <rfc822;linux-kernel@vger.kernel.org>);
        Wed, 24 Feb 2021 02:34:28 -0500
IronPort-SDR: UYKq9zGdFxi4DeidkldOgvnxF6RPL4CtNzWX7cNERAimgzQe6gYZAg8eLjMKQGvcc8y38NhVzr
 Kf0hJFdWhgoQ==
X-IronPort-AV: E=McAfee;i="6000,8403,9904"; a="185131699"
X-IronPort-AV: E=Sophos;i="5.81,202,1610438400"; 
   d="yaml'?scan'208";a="185131699"
Received: from fmsmga008.fm.intel.com ([10.253.24.58])
  by orsmga103.jf.intel.com with ESMTP/TLS/ECDHE-RSA-AES256-GCM-SHA384; 23 Feb 2021 23:33:16 -0800
IronPort-SDR: 2NCAQXFAfyPwsUsMJnXFWZ7nH/NAdyc9XwW/S6AqF58OvHiKuc9+3VzEWP1sNug+Ki29wPBAi3
 zowIwPIQU1dA==
X-IronPort-AV: E=Sophos;i="5.81,202,1610438400"; 
   d="yaml'?scan'208";a="391456079"
Received: from xsang-optiplex-9020.sh.intel.com (HELO xsang-OptiPlex-9020) ([10.239.159.140])
  by fmsmga008-auth.fm.intel.com with ESMTP/TLS/ECDHE-RSA-AES256-GCM-SHA384; 23 Feb 2021 23:33:10 -0800
Date:   Wed, 24 Feb 2021 15:48:41 +0800
From:   kernel test robot <oliver.sang@intel.com>
To:     Chris Wilson <chris@chris-wilson.co.uk>
Cc:     Tvrtko Ursulin <tvrtko.ursulin@intel.com>,
        Matthew Brost <matthew.brost@intel.com>,
        kernel test robot <oliver.sang@intel.com>,
        LKML <linux-kernel@vger.kernel.org>, lkp@lists.01.org,
        lkp@intel.com
Subject: [drm/i915/gt]  8c3b1ba0e7:
 perf-sanity-tests.Parse_event_definition_strings.fail
Message-ID: <20210224074841.GD6114@xsang-OptiPlex-9020>
MIME-Version: 1.0
Content-Type: multipart/mixed; boundary="8nsIa27JVQLqB7/C"
Content-Disposition: inline
User-Agent: NeoMutt/20170113 (1.7.2)
Precedence: bulk
List-ID: <linux-kernel.vger.kernel.org>
X-Mailing-List: linux-kernel@vger.kernel.org


--8nsIa27JVQLqB7/C
Content-Type: text/plain; charset=us-ascii
Content-Disposition: inline
Content-Transfer-Encoding: quoted-printable


Greeting,

FYI, we noticed the following commit (built with gcc-9):

commit: 8c3b1ba0e7ea9a80b0ee4b4445ea59c806787813 ("drm/i915/gt: Track the o=
verall awake/busy time")
https://git.kernel.org/cgit/linux/kernel/git/torvalds/linux.git master


in testcase: perf-sanity-tests
version:=20
with following parameters:

	perf_compiler: gcc
	ucode: 0xe2



on test machine: 4 threads Intel(R) Core(TM) i5-6500 CPU @ 3.20GHz with 32G=
 memory

caused below changes (please refer to attached dmesg/kmsg for entire log/ba=
cktrace):




If you fix the issue, kindly add following tag
Reported-by: kernel test robot <oliver.sang@intel.com>

please be noted this was reported on last December
https://lists.01.org/hyperkitty/list/lkp@lists.01.org/thread/ZPLGWG47V7CIZI=
L3TEP3E7NBT6E5C3XA/

since already merged into mainline and the issue still exist on current mas=
ter HEAD,
report again.


2020-12-24 12:50:16 make ARCH=3D EXTRA_CFLAGS=3D-fno-omit-frame-pointer -fs=
anitize=3Dundefined -fsanitize=3Daddress -C /usr/src/perf_selftests-x86_64-=
rhel-8.3-8c3b1ba0e7ea9a80b0ee4b4445ea59c806787813/tools/perf
make: Entering directory '/usr/src/perf_selftests-x86_64-rhel-8.3-8c3b1ba0e=
7ea9a80b0ee4b4445ea59c806787813/tools/perf'
  BUILD:   Doing 'make =1B[33m-j4=1B[m' parallel build
  HOSTCC   fixdep.o
  HOSTLD   fixdep-in.o
  LINK     fixdep
diff -u tools/include/uapi/drm/i915_drm.h include/uapi/drm/i915_drm.h
diff -u tools/arch/x86/lib/memcpy_64.S arch/x86/lib/memcpy_64.S
diff -u tools/arch/x86/lib/memset_64.S arch/x86/lib/memset_64.S

Auto-detecting system features:
=2E..                         dwarf: [ =1B[32mon=1B[m  ]
=2E..            dwarf_getlocations: [ =1B[32mon=1B[m  ]
=2E..                         glibc: [ =1B[32mon=1B[m  ]
=2E..                        libbfd: [ =1B[32mon=1B[m  ]
=2E..                libbfd-buildid: [ =1B[32mon=1B[m  ]
=2E..                        libcap: [ =1B[32mon=1B[m  ]
=2E..                        libelf: [ =1B[32mon=1B[m  ]
=2E..                       libnuma: [ =1B[32mon=1B[m  ]
=2E..        numa_num_possible_cpus: [ =1B[32mon=1B[m  ]
=2E..                       libperl: [ =1B[32mon=1B[m  ]
=2E..                     libpython: [ =1B[32mon=1B[m  ]
=2E..                     libcrypto: [ =1B[32mon=1B[m  ]
=2E..                     libunwind: [ =1B[32mon=1B[m  ]
=2E..            libdw-dwarf-unwind: [ =1B[32mon=1B[m  ]
=2E..                          zlib: [ =1B[32mon=1B[m  ]
=2E..                          lzma: [ =1B[32mon=1B[m  ]
=2E..                     get_cpuid: [ =1B[32mon=1B[m  ]
=2E..                           bpf: [ =1B[32mon=1B[m  ]
=2E..                        libaio: [ =1B[32mon=1B[m  ]
=2E..                       libzstd: [ =1B[32mon=1B[m  ]
=2E..        disassembler-four-args: [ =1B[32mon=1B[m  ]

  CC       fd/array.o
  CC       exec-cmd.o
  CC       event-parse.o
  CC       core.o
  LD       fd/libapi-in.o
  CC       fs/fs.o
  CC       cpumap.o
  CC       help.o
  CC       fs/tracing_path.o
  CC       fs/cgroup.o
  LD       fs/libapi-in.o
  CC       cpu.o
  CC       threadmap.o
  CC       debug.o
  CC       pager.o
  CC       str_error_r.o
  LD       libapi-in.o
  AR       libapi.a
  CC       parse-options.o
  CC       event-plugin.o
  CC       evsel.o
  CC       trace-seq.o
  CC       parse-filter.o
  CC       evlist.o
  CC       mmap.o
  CC       parse-utils.o
  CC       kbuffer-parse.o
  CC       zalloc.o
  CC       tep_strerror.o
  CC       event-parse-api.o
  CC       xyarray.o
  LD       libtraceevent-in.o
  LINK     libtraceevent.a
  CC       lib.o
  GEN      bpf_helper_defs.h
  MKDIR    staticobjs/
  CC       staticobjs/libbpf.o
  LD       libperf-in.o
  AR       libperf.a
  GEN      common-cmds.h
  CC       run-command.o
  CC       sigchain.o
  CC       subcmd-config.o
  LD       libsubcmd-in.o
  MKDIR    staticobjs/
  AR       libsubcmd.a
  CC       staticobjs/bpf.o
  CC       staticobjs/nlattr.o
  CC       staticobjs/btf.o
  HOSTCC   pmu-events/json.o
  HOSTCC   pmu-events/jsmn.o
  HOSTCC   pmu-events/jevents.o
  HOSTLD   pmu-events/jevents-in.o
  CC       plugin_jbd2.o
  LD       plugin_jbd2-in.o
  CC       plugin_hrtimer.o
  LD       plugin_hrtimer-in.o
  CC       plugin_kmem.o
  LD       plugin_kmem-in.o
  CC       plugin_kvm.o
  LD       plugin_kvm-in.o
  CC       staticobjs/libbpf_errno.o
  CC       plugin_mac80211.o
  CC       staticobjs/str_error.o
  CC       staticobjs/netlink.o
  LD       plugin_mac80211-in.o
  CC       plugin_sched_switch.o
  LD       plugin_sched_switch-in.o
  CC       plugin_function.o
  CC       staticobjs/bpf_prog_linfo.o
  LD       plugin_function-in.o
  CC       plugin_futex.o
  CC       staticobjs/libbpf_probes.o
  LD       plugin_futex-in.o
  CC       plugin_xen.o
  CC       staticobjs/xsk.o
  LD       plugin_xen-in.o
  CC       plugin_scsi.o
  CC       staticobjs/hashmap.o
  LD       plugin_scsi-in.o
  CC       plugin_tlb.o
  CC       plugin_cfg80211.o
  CC       jvmti/libjvmti.o
  LD       plugin_cfg80211-in.o
  GEN      perf-archive
  LD       plugin_tlb-in.o
  LINK     plugin_jbd2.so
  GEN      perf-with-kcore
  CC       jvmti/jvmti_agent.o
  CC       staticobjs/btf_dump.o
  LINK     plugin_hrtimer.so
  LINK     plugin_kmem.so
  LINK     plugin_kvm.so
  LINK     plugin_mac80211.so
  CC       staticobjs/ringbuf.o
  LINK     plugin_sched_switch.so
  LINK     plugin_function.so
  LINK     plugin_futex.so
  LINK     plugin_xen.so
  LD       staticobjs/libbpf-in.o
  LINK     libbpf.a
  LINK     plugin_scsi.so
  CC       jvmti/libstring.o
  LINK     plugin_cfg80211.so
  CC       builtin-bench.o
  LINK     plugin_tlb.so
  GEN      libtraceevent-dynamic-list
  CC       jvmti/libctype.o
  CC       builtin-annotate.o
  CC       builtin-config.o
  LD       jvmti/jvmti-in.o
  CC       builtin-diff.o
  LINK     pmu-events/jevents
  CC       builtin-evlist.o
  CC       builtin-ftrace.o
  LINK     libperf-jvmti.so
  CC       builtin-help.o
  CC       builtin-sched.o
  CC       builtin-buildid-list.o
  CC       builtin-buildid-cache.o
  CC       builtin-kallsyms.o
  CC       builtin-list.o
  CC       builtin-record.o
  CC       builtin-report.o
  CC       builtin-stat.o
  CC       builtin-timechart.o
  CC       builtin-top.o
  CC       builtin-script.o
  CC       builtin-kmem.o
  CC       builtin-lock.o
  CC       builtin-kvm.o
  CC       builtin-inject.o
  CC       builtin-mem.o
  CC       builtin-data.o
  CC       builtin-version.o
  CC       builtin-c2c.o
  CC       builtin-trace.o
  CC       builtin-probe.o
  CC       bench/sched-messaging.o
  CC       bench/sched-pipe.o
  CC       bench/syscall.o
  CC       bench/mem-functions.o
  CC       bench/futex-hash.o
  CC       bench/futex-wake.o
  CC       bench/futex-wake-parallel.o
  CC       bench/futex-requeue.o
  CC       bench/futex-lock-pi.o
  CC       tests/builtin-test.o
  CC       bench/epoll-wait.o
  CC       bench/epoll-ctl.o
  CC       tests/parse-events.o
  CC       util/annotate.o
  CC       bench/synthesize.o
  CC       bench/kallsyms-parse.o
  CC       bench/find-bit-bench.o
  CC       bench/inject-buildid.o
  CC       bench/mem-memcpy-x86-64-asm.o
  CC       bench/mem-memset-x86-64-asm.o
  CC       bench/numa.o
  CC       tests/dso-data.o
  CC       tests/attr.o
  CC       tests/vmlinux-kallsyms.o
  LD       bench/perf-in.o
  CC       arch/common.o
  CC       tests/openat-syscall.o
  CC       arch/x86/util/header.o
  CC       tests/openat-syscall-all-cpus.o
  CC       arch/x86/util/tsc.o
  CC       arch/x86/util/pmu.o
  CC       tests/openat-syscall-tp-fields.o
  CC       arch/x86/util/kvm-stat.o
  CC       tests/mmap-basic.o
  CC       arch/x86/util/perf_regs.o
  CC       arch/x86/util/topdown.o
  CC       tests/perf-record.o
  CC       arch/x86/util/machine.o
  CC       arch/x86/tests/regs_load.o
  CC       arch/x86/tests/dwarf-unwind.o
  CC       util/block-info.o
  CC       arch/x86/tests/arch-tests.o
  CC       arch/x86/util/event.o
  CC       arch/x86/tests/rdpmc.o
  CC       tests/evsel-roundtrip-name.o
  CC       arch/x86/util/dwarf-regs.o
  CC       arch/x86/util/unwind-libunwind.o
  CC       arch/x86/tests/perf-time-to-tsc.o
  CC       arch/x86/util/auxtrace.o
  CC       tests/evsel-tp-sched.o
  CC       arch/x86/util/archinsn.o
  CC       tests/fdarray.o
  CC       arch/x86/tests/insn-x86.o
  CC       arch/x86/util/intel-pt.o
  CC       arch/x86/tests/intel-pt-pkt-decoder-test.o
  CC       tests/pmu.o
  CC       arch/x86/tests/bp-modify.o
  CC       util/block-range.o
  CC       tests/pmu-events.o
  LD       arch/x86/tests/perf-in.o
  CC       tests/hists_common.o
  CC       tests/hists_link.o
  CC       util/build-id.o
  CC       ui/setup.o
  CC       tests/hists_filter.o
  CC       arch/x86/util/intel-bts.o
  CC       ui/helpline.o
  CC       ui/progress.o
  CC       ui/util.o
  CC       ui/hist.o
  CC       tests/hists_output.o
  CC       util/cacheline.o
  CC       util/config.o
  LD       arch/x86/util/perf-in.o
  LD       arch/x86/perf-in.o
  LD       arch/perf-in.o
  CC       tests/hists_cumulate.o
  CC       util/copyfile.o
  CC       util/ctype.o
  CC       util/db-export.o
  CC       tests/python-use.o
  CC       tests/bp_signal.o
  CC       tests/bp_signal_overflow.o
  CC       tests/bp_account.o
  CC       tests/wp.o
  CC       tests/task-exit.o
  CC       tests/sw-clock.o
  CC       tests/mmap-thread-lookup.o
  CC       util/env.o
  CC       scripts/perl/Perf-Trace-Util/Context.o
  CC       tests/thread-maps-share.o
  CC       util/event.o
  CC       tests/switch-tracking.o
  LD       scripts/perl/Perf-Trace-Util/perf-in.o
  CC       scripts/python/Perf-Trace-Util/Context.o
  LD       scripts/python/Perf-Trace-Util/perf-in.o
  LD       scripts/perf-in.o
  CC       trace/beauty/clone.o
  CC       tests/keep-tracking.o
  CC       trace/beauty/fcntl.o
  CC       tests/code-reading.o
  CC       trace/beauty/flock.o
  CC       util/evlist.o
  CC       trace/beauty/fsmount.o
  CC       trace/beauty/fspick.o
  CC       trace/beauty/ioctl.o
  CC       trace/beauty/kcmp.o
  CC       trace/beauty/mount_flags.o
  CC       trace/beauty/move_mount.o
  CC       trace/beauty/pkey_alloc.o
  CC       tests/sample-parsing.o
  CC       trace/beauty/arch_prctl.o
  CC       trace/beauty/prctl.o
  CC       trace/beauty/renameat.o
  CC       trace/beauty/sockaddr.o
  CC       trace/beauty/socket.o
  CC       trace/beauty/statx.o
  CC       tests/parse-no-sample-id-all.o
  CC       trace/beauty/sync_file_range.o
  CC       tests/kmod-path.o
  CC       trace/beauty/tracepoints/x86_irq_vectors.o
  CC       trace/beauty/tracepoints/x86_msr.o
  LD       trace/beauty/tracepoints/perf-in.o
  LD       trace/beauty/perf-in.o
  CC       perf.o
  CC       tests/thread-map.o
  CC       tests/llvm.o
  CC       tests/bpf.o
  CC       util/sideband_evlist.o
  CC       util/evsel.o
  CC       util/evsel_fprintf.o
  CC       tests/topology.o
  CC       tests/mem.o
  CC       tests/cpumap.o
  CC       tests/stat.o
  CC       tests/event_update.o
  CC       ui/stdio/hist.o
  CC       util/perf_event_attr_fprintf.o
  CC       tests/event-times.o
  CC       tests/expr.o
  CC       util/evswitch.o
  CC       tests/backward-ring-buffer.o
  CC       util/find_bit.o
  CC       tests/sdt.o
  CC       util/get_current_dir_name.o
  CC       util/kallsyms.o
  CC       tests/is_printable_array.o
  CC       tests/bitmap.o
  CC       util/levenshtein.o
  CC       ui/browser.o
  CC       tests/perf-hooks.o
  CC       tests/clang.o
  CC       util/llvm-utils.o
  CC       tests/unit_number__scnprintf.o
  CC       tests/mem2node.o
  CC       tests/maps.o
  CC       util/mmap.o
  CC       tests/time-utils-test.o
  CC       util/memswap.o
  CC       ui/browsers/annotate.o
  BISON    util/parse-events-bison.c
  CC       util/perf_regs.o
  CC       util/path.o
  CC       tests/genelf.o
  CC       ui/browsers/hists.o
  CC       tests/api-io.o
  CC       tests/demangle-java-test.o
  CC       tests/pfm.o
  CC       tests/parse-metric.o
  CC       util/print_binary.o
  CC       util/rlimit.o
  CC       tests/pe-file-parsing.o
  CC       util/argv_split.o
  CC       tests/expand-cgroup.o
  CC       ui/browsers/map.o
  CC       util/rbtree.o
  CC       ui/browsers/scripts.o
  CC       tests/dwarf-unwind.o
  CC       ui/browsers/header.o
  CC       tests/llvm-src-base.o
  CC       tests/llvm-src-kbuild.o
  CC       tests/llvm-src-prologue.o
  CC       tests/llvm-src-relocation.o
  CC       ui/browsers/res_sample.o
  LD       tests/perf-in.o
  CC       util/libstring.o
  CC       util/bitmap.o
  CC       util/hweight.o
  CC       util/smt.o
  CC       ui/tui/setup.o
  CC       util/strbuf.o
  CC       util/string.o
  CC       ui/tui/util.o
  CC       util/strlist.o
  CC       util/strfilter.o
  CC       ui/tui/helpline.o
  CC       util/top.o
  CC       ui/tui/progress.o
  LD       ui/tui/perf-in.o
  CC       util/usage.o
  CC       util/dso.o
  CC       util/dsos.o
  CC       util/symbol.o
  CC       util/symbol_fprintf.o
  CC       util/color.o
  CC       util/color_config.o
  CC       util/metricgroup.o
  CC       util/header.o
  CC       util/callchain.o
  CC       util/values.o
  CC       util/debug.o
  CC       util/fncache.o
  CC       util/machine.o
  CC       util/map.o
  CC       util/pstack.o
  CC       util/session.o
  CC       util/sample-raw.o
  CC       util/s390-sample-raw.o
  CC       util/syscalltbl.o
  CC       util/ordered-events.o
  CC       util/namespaces.o
  LD       ui/browsers/perf-in.o
  LD       ui/perf-in.o
  CC       util/comm.o
  CC       util/thread.o
  CC       util/thread_map.o
  CC       util/trace-event-parse.o
  CC       util/parse-events-bison.o
  BISON    util/pmu-bison.c
  CC       util/trace-event-read.o
  CC       util/trace-event-info.o
  GEN      python/perf.so
  CC       util/trace-event-scripting.o
  CC       util/trace-event.o
  CC       util/svghelper.o
  CC       util/sort.o
  CC       util/hist.o
  CC       util/util.o
  CC       util/cpumap.o
  CC       util/affinity.o
  CC       util/cputopo.o
  CC       util/cgroup.o
  CC       util/target.o
  CC       util/rblist.o
  CC       util/intlist.o
  CC       util/vdso.o
  CC       util/counts.o
  CC       util/stat.o
  CC       util/stat-shadow.o
  CC       util/stat-display.o
  CC       util/perf_api_probe.o
  CC       util/record.o
  CC       util/srcline.o
  CC       util/srccode.o
  CC       util/synthetic-events.o
  CC       util/data.o
  CC       util/tsc.o
  CC       util/cloexec.o
  CC       util/call-path.o
  CC       util/rwsem.o
  CC       util/thread-stack.o
  CC       util/spark.o
  CC       util/topdown.o
  CC       util/stream.o
  CC       util/auxtrace.o
  CC       util/intel-pt-decoder/intel-pt-pkt-decoder.o
  GEN      util/intel-pt-decoder/inat-tables.c
  CC       util/intel-pt-decoder/intel-pt-log.o
  CC       util/intel-pt-decoder/intel-pt-decoder.o
  CC       util/arm-spe-decoder/arm-spe-pkt-decoder.o
  CC       util/arm-spe-decoder/arm-spe-decoder.o
  LD       util/arm-spe-decoder/perf-in.o
  CC       util/scripting-engines/trace-event-perl.o
  GEN      pmu-events/pmu-events.c
  CC       pmu-events/pmu-events.o
  CC       util/scripting-engines/trace-event-python.o
  CC       util/intel-pt.o
  LD       pmu-events/pmu-events-in.o
  CC       util/intel-bts.o
  CC       util/arm-spe.o
  CC       util/intel-pt-decoder/intel-pt-insn-decoder.o
  LD       util/scripting-engines/perf-in.o
  CC       util/s390-cpumsf.o
  CC       util/parse-branch-options.o
  CC       util/dump-insn.o
  CC       util/parse-regs-options.o
  CC       util/parse-sublevel-options.o
  CC       util/term.o
  CC       util/help-unknown-cmd.o
  CC       util/mem-events.o
  CC       util/vsprintf.o
  LD       util/intel-pt-decoder/perf-in.o
  CC       util/units.o
  CC       util/time-utils.o
  BISON    util/expr-bison.c
  CC       util/branch.o
  CC       util/mem2node.o
  CC       util/clockid.o
  CC       util/bpf-loader.o
  CC       util/bpf_map.o
  CC       util/bpf-prologue.o
  CC       util/symbol-elf.o
  CC       util/probe-file.o
  CC       util/probe-event.o
  CC       util/probe-finder.o
  CC       util/dwarf-aux.o
  CC       util/dwarf-regs.o
  CC       util/unwind-libunwind-local.o
  CC       util/unwind-libunwind.o
  CC       util/data-convert-bt.o
  CC       util/zlib.o
  CC       util/lzma.o
  CC       util/zstd.o
  CC       util/cap.o
  CC       util/demangle-java.o
  CC       util/demangle-rust.o
  CC       util/jitdump.o
  CC       util/genelf.o
  CC       util/genelf_debug.o
  CC       util/perf-hooks.o
  CC       util/bpf-event.o
  FLEX     util/parse-events-flex.c
  FLEX     util/pmu-flex.c
  CC       util/pmu-bison.o
  FLEX     util/expr-flex.c
  CC       util/expr-bison.o
  CC       util/expr.o
  CC       util/parse-events.o
  CC       util/parse-events-flex.o
  CC       util/pmu.o
  CC       util/pmu-flex.o
  CC       util/expr-flex.o
  LD       util/perf-in.o
  LD       perf-in.o
  LINK     perf
make: Leaving directory '/usr/src/perf_selftests-x86_64-rhel-8.3-8c3b1ba0e7=
ea9a80b0ee4b4445ea59c806787813/tools/perf'
2020-12-24 12:51:30 cd /usr/src/perf_selftests-x86_64-rhel-8.3-8c3b1ba0e7ea=
9a80b0ee4b4445ea59c806787813/tools/perf
2020-12-24 12:51:30 mkdir -p /pkg
2020-12-24 12:51:30 mkdir -p /kbuild/obj/consumer/x86_64-rhel-8.3
2020-12-24 12:51:30 cp /pkg/linux/x86_64-rhel-8.3/gcc-9/8c3b1ba0e7ea9a80b0e=
e4b4445ea59c806787813/vmlinux.xz /tmp
2020-12-24 12:51:31 unxz -k /tmp/vmlinux.xz
2020-12-24 12:51:35 cp /tmp/vmlinux /kbuild/obj/consumer/x86_64-rhel-8.3
ignored_by_lkp: BPF filter
ignored_by_lkp: LLVM search and compile
ignored_by_lkp: Add vfs_getname probe to get syscall args filenames
ignored_by_lkp: Use vfs_getname probe to get syscall args filenames
ignored_by_lkp: Check open filename arg using perf trace + vfs_getname
ignored_by_lkp: builtin clang support
2020-12-24 12:51:35 sudo /usr/src/perf_selftests-x86_64-rhel-8.3-8c3b1ba0e7=
ea9a80b0ee4b4445ea59c806787813/tools/perf/perf test 1
 1: vmlinux symtab matches kallsyms                                 : Ok
2020-12-24 12:51:36 sudo /usr/src/perf_selftests-x86_64-rhel-8.3-8c3b1ba0e7=
ea9a80b0ee4b4445ea59c806787813/tools/perf/perf test 2
 2: Detect openat syscall event                                     : Ok
2020-12-24 12:51:36 sudo /usr/src/perf_selftests-x86_64-rhel-8.3-8c3b1ba0e7=
ea9a80b0ee4b4445ea59c806787813/tools/perf/perf test 3
 3: Detect openat syscall event on all cpus                         : Ok
2020-12-24 12:51:36 sudo /usr/src/perf_selftests-x86_64-rhel-8.3-8c3b1ba0e7=
ea9a80b0ee4b4445ea59c806787813/tools/perf/perf test 4
 4: Read samples using the mmap interface                           : FAILE=
D!
2020-12-24 12:51:36 sudo /usr/src/perf_selftests-x86_64-rhel-8.3-8c3b1ba0e7=
ea9a80b0ee4b4445ea59c806787813/tools/perf/perf test 5
 5: Test data source output                                         : Ok
2020-12-24 12:51:36 sudo /usr/src/perf_selftests-x86_64-rhel-8.3-8c3b1ba0e7=
ea9a80b0ee4b4445ea59c806787813/tools/perf/perf test 6
 6: Parse event definition strings                                  : FAILE=
D!
2020-12-24 12:51:37 sudo /usr/src/perf_selftests-x86_64-rhel-8.3-8c3b1ba0e7=
ea9a80b0ee4b4445ea59c806787813/tools/perf/perf test 7
 7: Simple expression parser                                        : Ok
2020-12-24 12:51:38 sudo /usr/src/perf_selftests-x86_64-rhel-8.3-8c3b1ba0e7=
ea9a80b0ee4b4445ea59c806787813/tools/perf/perf test 8
 8: PERF_RECORD_* events & perf_sample fields                       : Ok
2020-12-24 12:51:40 sudo /usr/src/perf_selftests-x86_64-rhel-8.3-8c3b1ba0e7=
ea9a80b0ee4b4445ea59c806787813/tools/perf/perf test 9
 9: Parse perf pmu format                                           : Ok
2020-12-24 12:51:40 sudo /usr/src/perf_selftests-x86_64-rhel-8.3-8c3b1ba0e7=
ea9a80b0ee4b4445ea59c806787813/tools/perf/perf test 10
10: PMU events                                                      :
10.1: PMU event table sanity                                        : Ok
10.2: PMU event map aliases                                         : Ok
10.3: Parsing of PMU event table metrics                            : Skip =
(some metrics failed)
10.4: Parsing of PMU event table metrics with fake PMUs             : Ok
2020-12-24 12:51:42 sudo /usr/src/perf_selftests-x86_64-rhel-8.3-8c3b1ba0e7=
ea9a80b0ee4b4445ea59c806787813/tools/perf/perf test 11
11: DSO data read                                                   : Ok
2020-12-24 12:51:42 sudo /usr/src/perf_selftests-x86_64-rhel-8.3-8c3b1ba0e7=
ea9a80b0ee4b4445ea59c806787813/tools/perf/perf test 12
12: DSO data cache                                                  : Ok
2020-12-24 12:51:42 sudo /usr/src/perf_selftests-x86_64-rhel-8.3-8c3b1ba0e7=
ea9a80b0ee4b4445ea59c806787813/tools/perf/perf test 13
13: DSO data reopen                                                 : Ok
2020-12-24 12:51:42 sudo /usr/src/perf_selftests-x86_64-rhel-8.3-8c3b1ba0e7=
ea9a80b0ee4b4445ea59c806787813/tools/perf/perf test 14
14: Roundtrip evsel->name                                           : Ok
2020-12-24 12:51:42 sudo /usr/src/perf_selftests-x86_64-rhel-8.3-8c3b1ba0e7=
ea9a80b0ee4b4445ea59c806787813/tools/perf/perf test 15
15: Parse sched tracepoints fields                                  : Ok
2020-12-24 12:51:42 sudo /usr/src/perf_selftests-x86_64-rhel-8.3-8c3b1ba0e7=
ea9a80b0ee4b4445ea59c806787813/tools/perf/perf test 16
16: syscalls:sys_enter_openat event fields                          : Ok
2020-12-24 12:51:42 sudo /usr/src/perf_selftests-x86_64-rhel-8.3-8c3b1ba0e7=
ea9a80b0ee4b4445ea59c806787813/tools/perf/perf test 17
17: Setup struct perf_event_attr                                    : Ok
2020-12-24 12:51:56 sudo /usr/src/perf_selftests-x86_64-rhel-8.3-8c3b1ba0e7=
ea9a80b0ee4b4445ea59c806787813/tools/perf/perf test 18
18: Match and link multiple hists                                   : Ok
2020-12-24 12:51:56 sudo /usr/src/perf_selftests-x86_64-rhel-8.3-8c3b1ba0e7=
ea9a80b0ee4b4445ea59c806787813/tools/perf/perf test 19
19: 'import perf' in python                                         : FAILE=
D!
2020-12-24 12:51:56 sudo /usr/src/perf_selftests-x86_64-rhel-8.3-8c3b1ba0e7=
ea9a80b0ee4b4445ea59c806787813/tools/perf/perf test 20
20: Breakpoint overflow signal handler                              : Ok
2020-12-24 12:51:56 sudo /usr/src/perf_selftests-x86_64-rhel-8.3-8c3b1ba0e7=
ea9a80b0ee4b4445ea59c806787813/tools/perf/perf test 21
21: Breakpoint overflow sampling                                    : Ok
2020-12-24 12:51:57 sudo /usr/src/perf_selftests-x86_64-rhel-8.3-8c3b1ba0e7=
ea9a80b0ee4b4445ea59c806787813/tools/perf/perf test 22
22: Breakpoint accounting                                           : Ok
2020-12-24 12:51:57 sudo /usr/src/perf_selftests-x86_64-rhel-8.3-8c3b1ba0e7=
ea9a80b0ee4b4445ea59c806787813/tools/perf/perf test 23
23: Watchpoint                                                      :
23.1: Read Only Watchpoint                                          : Skip
23.2: Write Only Watchpoint                                         : Ok
23.3: Read / Write Watchpoint                                       : Ok
23.4: Modify Watchpoint                                             : Ok
2020-12-24 12:51:57 sudo /usr/src/perf_selftests-x86_64-rhel-8.3-8c3b1ba0e7=
ea9a80b0ee4b4445ea59c806787813/tools/perf/perf test 24
24: Number of exit events of a simple workload                      : FAILE=
D!
2020-12-24 12:51:57 sudo /usr/src/perf_selftests-x86_64-rhel-8.3-8c3b1ba0e7=
ea9a80b0ee4b4445ea59c806787813/tools/perf/perf test 25
25: Software clock events period values                             : FAILE=
D!
2020-12-24 12:51:57 sudo /usr/src/perf_selftests-x86_64-rhel-8.3-8c3b1ba0e7=
ea9a80b0ee4b4445ea59c806787813/tools/perf/perf test 26
26: Object code reading                                             : FAILE=
D!
2020-12-24 12:52:00 sudo /usr/src/perf_selftests-x86_64-rhel-8.3-8c3b1ba0e7=
ea9a80b0ee4b4445ea59c806787813/tools/perf/perf test 27
27: Sample parsing                                                  : Ok
2020-12-24 12:52:00 sudo /usr/src/perf_selftests-x86_64-rhel-8.3-8c3b1ba0e7=
ea9a80b0ee4b4445ea59c806787813/tools/perf/perf test 28
28: Use a dummy software event to keep tracking                     : FAILE=
D!
2020-12-24 12:52:00 sudo /usr/src/perf_selftests-x86_64-rhel-8.3-8c3b1ba0e7=
ea9a80b0ee4b4445ea59c806787813/tools/perf/perf test 29
29: Parse with no sample_id_all bit set                             : Ok
2020-12-24 12:52:00 sudo /usr/src/perf_selftests-x86_64-rhel-8.3-8c3b1ba0e7=
ea9a80b0ee4b4445ea59c806787813/tools/perf/perf test 30
30: Filter hist entries                                             : Ok
2020-12-24 12:52:00 sudo /usr/src/perf_selftests-x86_64-rhel-8.3-8c3b1ba0e7=
ea9a80b0ee4b4445ea59c806787813/tools/perf/perf test 31
31: Lookup mmap thread                                              : FAILE=
D!
2020-12-24 12:52:01 sudo /usr/src/perf_selftests-x86_64-rhel-8.3-8c3b1ba0e7=
ea9a80b0ee4b4445ea59c806787813/tools/perf/perf test 32
32: Share thread maps                                               : Ok
2020-12-24 12:52:01 sudo /usr/src/perf_selftests-x86_64-rhel-8.3-8c3b1ba0e7=
ea9a80b0ee4b4445ea59c806787813/tools/perf/perf test 33
33: Sort output of hist entries                                     : Ok
2020-12-24 12:52:01 sudo /usr/src/perf_selftests-x86_64-rhel-8.3-8c3b1ba0e7=
ea9a80b0ee4b4445ea59c806787813/tools/perf/perf test 34
34: Cumulate child hist entries                                     : Ok
2020-12-24 12:52:01 sudo /usr/src/perf_selftests-x86_64-rhel-8.3-8c3b1ba0e7=
ea9a80b0ee4b4445ea59c806787813/tools/perf/perf test 35
35: Track with sched_switch                                         : FAILE=
D!
2020-12-24 12:52:01 sudo /usr/src/perf_selftests-x86_64-rhel-8.3-8c3b1ba0e7=
ea9a80b0ee4b4445ea59c806787813/tools/perf/perf test 36
36: Filter fds with revents mask in a fdarray                       : Ok
2020-12-24 12:52:02 sudo /usr/src/perf_selftests-x86_64-rhel-8.3-8c3b1ba0e7=
ea9a80b0ee4b4445ea59c806787813/tools/perf/perf test 37
37: Add fd to a fdarray, making it autogrow                         : Ok
2020-12-24 12:52:02 sudo /usr/src/perf_selftests-x86_64-rhel-8.3-8c3b1ba0e7=
ea9a80b0ee4b4445ea59c806787813/tools/perf/perf test 38
38: kmod_path__parse                                                : Ok
2020-12-24 12:52:02 sudo /usr/src/perf_selftests-x86_64-rhel-8.3-8c3b1ba0e7=
ea9a80b0ee4b4445ea59c806787813/tools/perf/perf test 39
39: Thread map                                                      : Ok
2020-12-24 12:52:02 sudo /usr/src/perf_selftests-x86_64-rhel-8.3-8c3b1ba0e7=
ea9a80b0ee4b4445ea59c806787813/tools/perf/perf test 41
41: Session topology                                                : FAILE=
D!
2020-12-24 12:52:02 sudo /usr/src/perf_selftests-x86_64-rhel-8.3-8c3b1ba0e7=
ea9a80b0ee4b4445ea59c806787813/tools/perf/perf test 43
43: Synthesize thread map                                           : FAILE=
D!
2020-12-24 12:52:02 sudo /usr/src/perf_selftests-x86_64-rhel-8.3-8c3b1ba0e7=
ea9a80b0ee4b4445ea59c806787813/tools/perf/perf test 44
44: Remove thread map                                               : FAILE=
D!
2020-12-24 12:52:02 sudo /usr/src/perf_selftests-x86_64-rhel-8.3-8c3b1ba0e7=
ea9a80b0ee4b4445ea59c806787813/tools/perf/perf test 45
45: Synthesize cpu map                                              : Ok
2020-12-24 12:52:02 sudo /usr/src/perf_selftests-x86_64-rhel-8.3-8c3b1ba0e7=
ea9a80b0ee4b4445ea59c806787813/tools/perf/perf test 46
46: Synthesize stat config                                          : Ok
2020-12-24 12:52:02 sudo /usr/src/perf_selftests-x86_64-rhel-8.3-8c3b1ba0e7=
ea9a80b0ee4b4445ea59c806787813/tools/perf/perf test 47
47: Synthesize stat                                                 : Ok
2020-12-24 12:52:02 sudo /usr/src/perf_selftests-x86_64-rhel-8.3-8c3b1ba0e7=
ea9a80b0ee4b4445ea59c806787813/tools/perf/perf test 48
48: Synthesize stat round                                           : Ok
2020-12-24 12:52:02 sudo /usr/src/perf_selftests-x86_64-rhel-8.3-8c3b1ba0e7=
ea9a80b0ee4b4445ea59c806787813/tools/perf/perf test 49
49: Synthesize attr update                                          : FAILE=
D!
2020-12-24 12:52:03 sudo /usr/src/perf_selftests-x86_64-rhel-8.3-8c3b1ba0e7=
ea9a80b0ee4b4445ea59c806787813/tools/perf/perf test 50
50: Event times                                                     : Ok
2020-12-24 12:52:03 sudo /usr/src/perf_selftests-x86_64-rhel-8.3-8c3b1ba0e7=
ea9a80b0ee4b4445ea59c806787813/tools/perf/perf test 51
51: Read backward ring buffer                                       : Ok
2020-12-24 12:52:03 sudo /usr/src/perf_selftests-x86_64-rhel-8.3-8c3b1ba0e7=
ea9a80b0ee4b4445ea59c806787813/tools/perf/perf test 52
52: Print cpu map                                                   : FAILE=
D!
2020-12-24 12:52:03 sudo /usr/src/perf_selftests-x86_64-rhel-8.3-8c3b1ba0e7=
ea9a80b0ee4b4445ea59c806787813/tools/perf/perf test 53
53: Merge cpu map                                                   : Ok
2020-12-24 12:52:03 sudo /usr/src/perf_selftests-x86_64-rhel-8.3-8c3b1ba0e7=
ea9a80b0ee4b4445ea59c806787813/tools/perf/perf test 54
54: Probe SDT events                                                : Ok
2020-12-24 12:52:03 sudo /usr/src/perf_selftests-x86_64-rhel-8.3-8c3b1ba0e7=
ea9a80b0ee4b4445ea59c806787813/tools/perf/perf test 55
55: is_printable_array                                              : Ok
2020-12-24 12:52:03 sudo /usr/src/perf_selftests-x86_64-rhel-8.3-8c3b1ba0e7=
ea9a80b0ee4b4445ea59c806787813/tools/perf/perf test 56
56: Print bitmap                                                    : Ok
2020-12-24 12:52:03 sudo /usr/src/perf_selftests-x86_64-rhel-8.3-8c3b1ba0e7=
ea9a80b0ee4b4445ea59c806787813/tools/perf/perf test 57
57: perf hooks                                                      : Ok
2020-12-24 12:52:03 sudo /usr/src/perf_selftests-x86_64-rhel-8.3-8c3b1ba0e7=
ea9a80b0ee4b4445ea59c806787813/tools/perf/perf test 59
59: unit_number__scnprintf                                          : Ok
2020-12-24 12:52:03 sudo /usr/src/perf_selftests-x86_64-rhel-8.3-8c3b1ba0e7=
ea9a80b0ee4b4445ea59c806787813/tools/perf/perf test 60
60: mem2node                                                        : Ok
2020-12-24 12:52:03 sudo /usr/src/perf_selftests-x86_64-rhel-8.3-8c3b1ba0e7=
ea9a80b0ee4b4445ea59c806787813/tools/perf/perf test 61
61: time utils                                                      : Ok
2020-12-24 12:52:03 sudo /usr/src/perf_selftests-x86_64-rhel-8.3-8c3b1ba0e7=
ea9a80b0ee4b4445ea59c806787813/tools/perf/perf test 62
62: Test jit_write_elf                                              : Ok
2020-12-24 12:52:03 sudo /usr/src/perf_selftests-x86_64-rhel-8.3-8c3b1ba0e7=
ea9a80b0ee4b4445ea59c806787813/tools/perf/perf test 63
63: Test libpfm4 support                                            : Skip =
(not compiled in)
2020-12-24 12:52:04 sudo /usr/src/perf_selftests-x86_64-rhel-8.3-8c3b1ba0e7=
ea9a80b0ee4b4445ea59c806787813/tools/perf/perf test 64
64: Test api io                                                     : Ok
2020-12-24 12:52:04 sudo /usr/src/perf_selftests-x86_64-rhel-8.3-8c3b1ba0e7=
ea9a80b0ee4b4445ea59c806787813/tools/perf/perf test 65
65: maps__merge_in                                                  : FAILE=
D!
2020-12-24 12:52:04 sudo /usr/src/perf_selftests-x86_64-rhel-8.3-8c3b1ba0e7=
ea9a80b0ee4b4445ea59c806787813/tools/perf/perf test 66
66: Demangle Java                                                   : Ok
2020-12-24 12:52:04 sudo /usr/src/perf_selftests-x86_64-rhel-8.3-8c3b1ba0e7=
ea9a80b0ee4b4445ea59c806787813/tools/perf/perf test 67
67: Parse and process metrics                                       : Ok
2020-12-24 12:52:04 sudo /usr/src/perf_selftests-x86_64-rhel-8.3-8c3b1ba0e7=
ea9a80b0ee4b4445ea59c806787813/tools/perf/perf test 68
68: PE file support                                                 : FAILE=
D!
2020-12-24 12:52:04 sudo /usr/src/perf_selftests-x86_64-rhel-8.3-8c3b1ba0e7=
ea9a80b0ee4b4445ea59c806787813/tools/perf/perf test 69
69: Event expansion for cgroups                                     : Ok
2020-12-24 12:52:04 sudo /usr/src/perf_selftests-x86_64-rhel-8.3-8c3b1ba0e7=
ea9a80b0ee4b4445ea59c806787813/tools/perf/perf test 70
70: x86 rdpmc                                                       : Ok
2020-12-24 12:52:04 sudo /usr/src/perf_selftests-x86_64-rhel-8.3-8c3b1ba0e7=
ea9a80b0ee4b4445ea59c806787813/tools/perf/perf test 71
71: Convert perf time to TSC                                        : FAILE=
D!
2020-12-24 12:52:04 sudo /usr/src/perf_selftests-x86_64-rhel-8.3-8c3b1ba0e7=
ea9a80b0ee4b4445ea59c806787813/tools/perf/perf test 72
72: DWARF unwind                                                    : FAILE=
D!
2020-12-24 12:52:05 sudo /usr/src/perf_selftests-x86_64-rhel-8.3-8c3b1ba0e7=
ea9a80b0ee4b4445ea59c806787813/tools/perf/perf test 73
73: x86 instruction decoder - new instructions                      : Ok
2020-12-24 12:52:05 sudo /usr/src/perf_selftests-x86_64-rhel-8.3-8c3b1ba0e7=
ea9a80b0ee4b4445ea59c806787813/tools/perf/perf test 74
74: Intel PT packet decoder                                         : Ok
2020-12-24 12:52:05 sudo /usr/src/perf_selftests-x86_64-rhel-8.3-8c3b1ba0e7=
ea9a80b0ee4b4445ea59c806787813/tools/perf/perf test 75
75: x86 bp modify                                                   : Ok
2020-12-24 12:52:05 sudo /usr/src/perf_selftests-x86_64-rhel-8.3-8c3b1ba0e7=
ea9a80b0ee4b4445ea59c806787813/tools/perf/perf test 76
76: probe libc's inet_pton & backtrace it with ping                 : Ok
2020-12-24 12:52:07 sudo /usr/src/perf_selftests-x86_64-rhel-8.3-8c3b1ba0e7=
ea9a80b0ee4b4445ea59c806787813/tools/perf/perf test 77
77: Check Arm CoreSight trace data recording and synthesized samples: Skip
2020-12-24 12:52:07 sudo /usr/src/perf_selftests-x86_64-rhel-8.3-8c3b1ba0e7=
ea9a80b0ee4b4445ea59c806787813/tools/perf/perf test 78
78: build id cache operations                                       : FAILE=
D!
2020-12-24 12:52:08 sudo /usr/src/perf_selftests-x86_64-rhel-8.3-8c3b1ba0e7=
ea9a80b0ee4b4445ea59c806787813/tools/perf/perf test 81
81: Zstd perf.data compression/decompression                        : FAILE=
D!



To reproduce:

        git clone https://github.com/intel/lkp-tests.git
        cd lkp-tests
        bin/lkp install                job.yaml  # job file is attached in =
this email
        bin/lkp split-job --compatible job.yaml
        bin/lkp run                    compatible-job.yaml



Thanks,
Oliver Sang


--8nsIa27JVQLqB7/C
Content-Type: text/plain; charset=us-ascii
Content-Disposition: attachment; filename=job-script

#!/bin/sh

export_top_env()
{
	export suite='perf-sanity-tests'
	export testcase='perf-sanity-tests'
	export category='functional'
	export need_memory='2G'
	export job_origin='/lkp-src/allot/cyclic:p1:linux-devel:devel-hourly/lkp-skl-d04/perf-sanity-tests.yaml'
	export queue_cmdline_keys='branch
commit
queue_at_least_once'
	export queue='validate'
	export testbox='lkp-skl-d04'
	export tbox_group='lkp-skl-d04'
	export kconfig='x86_64-rhel-8.3'
	export submit_id='5fe49e2bb99997296ce28ab9'
	export job_file='/lkp/jobs/scheduled/lkp-skl-d04/perf-sanity-tests-gcc-ucode=0xe2-debian-10.4-x86_64-20200603.cgz-8c3b1ba0e7ea9a80b0ee4b4445ea59c806787813-20201224-10604-1smgflm-2.yaml'
	export id='2328ebc5ab86b596d1cf265ac0241d3781f54e8f'
	export queuer_version='/lkp-src'
	export model='Skylake'
	export nr_cpu=4
	export memory='32G'
	export nr_ssd_partitions=1
	export nr_hdd_partitions=4
	export hdd_partitions='/dev/disk/by-id/ata-ST1000DM003-1ER162_Z4YB7AEL-part*'
	export ssd_partitions='/dev/disk/by-id/wwn-0x55cd2e404b64c499-part2'
	export rootfs_partition='/dev/disk/by-id/wwn-0x55cd2e404b64c499-part1'
	export brand='Intel(R) Core(TM) i5-6500 CPU @ 3.20GHz'
	export need_linux_perf=true
	export commit='8c3b1ba0e7ea9a80b0ee4b4445ea59c806787813'
	export need_kconfig_hw='CONFIG_E1000E=y
CONFIG_SATA_AHCI'
	export ucode='0xe2'
	export enqueue_time='2020-12-24 21:57:03 +0800'
	export _id='5fe49e2bb99997296ce28ab9'
	export _rt='/result/perf-sanity-tests/gcc-ucode=0xe2/lkp-skl-d04/debian-10.4-x86_64-20200603.cgz/x86_64-rhel-8.3/gcc-9/8c3b1ba0e7ea9a80b0ee4b4445ea59c806787813'
	export user='lkp'
	export compiler='gcc-9'
	export LKP_SERVER='internal-lkp-server'
	export head_commit='1b32c6cf0d6c9a541f095fe99e23c9ecd80eee26'
	export base_commit='2c85ebc57b3e1817b6ce1a6b703928e113a90442'
	export branch='drm-intel/drm-intel-gt-next'
	export rootfs='debian-10.4-x86_64-20200603.cgz'
	export result_root='/result/perf-sanity-tests/gcc-ucode=0xe2/lkp-skl-d04/debian-10.4-x86_64-20200603.cgz/x86_64-rhel-8.3/gcc-9/8c3b1ba0e7ea9a80b0ee4b4445ea59c806787813/3'
	export scheduler_version='/lkp/lkp/.src-20201224-092605'
	export arch='x86_64'
	export max_uptime=2100
	export initrd='/osimage/debian/debian-10.4-x86_64-20200603.cgz'
	export bootloader_append='root=/dev/ram0
user=lkp
job=/lkp/jobs/scheduled/lkp-skl-d04/perf-sanity-tests-gcc-ucode=0xe2-debian-10.4-x86_64-20200603.cgz-8c3b1ba0e7ea9a80b0ee4b4445ea59c806787813-20201224-10604-1smgflm-2.yaml
ARCH=x86_64
kconfig=x86_64-rhel-8.3
branch=drm-intel/drm-intel-gt-next
commit=8c3b1ba0e7ea9a80b0ee4b4445ea59c806787813
BOOT_IMAGE=/pkg/linux/x86_64-rhel-8.3/gcc-9/8c3b1ba0e7ea9a80b0ee4b4445ea59c806787813/vmlinuz-5.10.0-rc3-01127-g8c3b1ba0e7ea
max_uptime=2100
RESULT_ROOT=/result/perf-sanity-tests/gcc-ucode=0xe2/lkp-skl-d04/debian-10.4-x86_64-20200603.cgz/x86_64-rhel-8.3/gcc-9/8c3b1ba0e7ea9a80b0ee4b4445ea59c806787813/3
LKP_SERVER=internal-lkp-server
nokaslr
selinux=0
debug
apic=debug
sysrq_always_enabled
rcupdate.rcu_cpu_stall_timeout=100
net.ifnames=0
printk.devkmsg=on
panic=-1
softlockup_panic=1
nmi_watchdog=panic
oops=panic
load_ramdisk=2
prompt_ramdisk=0
drbd.minor_count=8
systemd.log_level=err
ignore_loglevel
console=tty0
earlyprintk=ttyS0,115200
console=ttyS0,115200
vga=normal
rw'
	export modules_initrd='/pkg/linux/x86_64-rhel-8.3/gcc-9/8c3b1ba0e7ea9a80b0ee4b4445ea59c806787813/modules.cgz'
	export linux_perf_initrd='/pkg/linux/x86_64-rhel-8.3/gcc-9/8c3b1ba0e7ea9a80b0ee4b4445ea59c806787813/linux-perf.cgz'
	export bm_initrd='/osimage/deps/debian-10.4-x86_64-20200603.cgz/run-ipconfig_20200608.cgz,/osimage/deps/debian-10.4-x86_64-20200603.cgz/lkp_20201211.cgz,/osimage/deps/debian-10.4-x86_64-20200603.cgz/rsync-rootfs_20200608.cgz,/osimage/deps/debian-10.4-x86_64-20200603.cgz/perf-sanity-tests_20201111.cgz,/osimage/pkg/debian-10.4-x86_64-20200603.cgz/perf-x86_64-fa02fcd94b0c-1_20201126.cgz,/osimage/deps/debian-10.4-x86_64-20200603.cgz/hw_20200715.cgz'
	export ucode_initrd='/osimage/ucode/intel-ucode-20201117.cgz'
	export lkp_initrd='/osimage/user/lkp/lkp-x86_64.cgz'
	export site='inn'
	export LKP_CGI_PORT=80
	export LKP_CIFS_PORT=139
	export last_kernel='4.20.0'
	export repeat_to=4
	export queue_at_least_once=1
	export kernel='/pkg/linux/x86_64-rhel-8.3/gcc-9/8c3b1ba0e7ea9a80b0ee4b4445ea59c806787813/vmlinuz-5.10.0-rc3-01127-g8c3b1ba0e7ea'
	export dequeue_time='2020-12-24 22:00:59 +0800'
	export job_initrd='/lkp/jobs/scheduled/lkp-skl-d04/perf-sanity-tests-gcc-ucode=0xe2-debian-10.4-x86_64-20200603.cgz-8c3b1ba0e7ea9a80b0ee4b4445ea59c806787813-20201224-10604-1smgflm-2.cgz'

	[ -n "$LKP_SRC" ] ||
	export LKP_SRC=/lkp/${user:-lkp}/src
}

run_job()
{
	echo $$ > $TMP/run-job.pid

	. $LKP_SRC/lib/http.sh
	. $LKP_SRC/lib/job.sh
	. $LKP_SRC/lib/env.sh

	export_top_env

	run_monitor $LKP_SRC/monitors/wrapper kmsg
	run_monitor $LKP_SRC/monitors/wrapper heartbeat
	run_monitor $LKP_SRC/monitors/wrapper meminfo
	run_monitor $LKP_SRC/monitors/wrapper oom-killer
	run_monitor $LKP_SRC/monitors/plain/watchdog

	run_test perf_compiler='gcc' $LKP_SRC/tests/wrapper perf-sanity-tests
}

extract_stats()
{
	export stats_part_begin=
	export stats_part_end=

	$LKP_SRC/stats/wrapper perf-sanity-tests
	$LKP_SRC/stats/wrapper kmsg
	$LKP_SRC/stats/wrapper meminfo

	$LKP_SRC/stats/wrapper time perf-sanity-tests.time
	$LKP_SRC/stats/wrapper dmesg
	$LKP_SRC/stats/wrapper kmsg
	$LKP_SRC/stats/wrapper last_state
	$LKP_SRC/stats/wrapper stderr
	$LKP_SRC/stats/wrapper time
}

"$@"

--8nsIa27JVQLqB7/C
Content-Type: text/plain; charset=us-ascii
Content-Disposition: attachment; filename=dmesg
Content-Transfer-Encoding: quoted-printable

Decompressing Linux... Parsing ELF... No relocation needed... done.
Booting the kernel.
[    0.000000] Linux version 5.10.0-rc3-01127-g8c3b1ba0e7ea (kbuild@ef0b816=
f83ac) (gcc-9 (Debian 9.3.0-15) 9.3.0, GNU ld (GNU Binutils for Debian) 2.3=
5) #1 SMP Thu Dec 24 12:43:54 CST 2020
[    0.000000] Command line: ip=3D::::lkp-skl-d04::dhcp root=3D/dev/ram0 us=
er=3Dlkp job=3D/lkp/jobs/scheduled/lkp-skl-d04/perf-sanity-tests-gcc-ucode=
=3D0xe2-debian-10.4-x86_64-20200603.cgz-8c3b1ba0e7ea9a80b0ee4b4445ea59c8067=
87813-20201226-25066-sfkgan-4.yaml ARCH=3Dx86_64 kconfig=3Dx86_64-rhel-8.3 =
branch=3Ddrm-intel/drm-intel-gt-next commit=3D8c3b1ba0e7ea9a80b0ee4b4445ea5=
9c806787813 BOOT_IMAGE=3D/pkg/linux/x86_64-rhel-8.3/gcc-9/8c3b1ba0e7ea9a80b=
0ee4b4445ea59c806787813/vmlinuz-5.10.0-rc3-01127-g8c3b1ba0e7ea max_uptime=
=3D2100 RESULT_ROOT=3D/result/perf-sanity-tests/gcc-ucode=3D0xe2/lkp-skl-d0=
4/debian-10.4-x86_64-20200603.cgz/x86_64-rhel-8.3/gcc-9/8c3b1ba0e7ea9a80b0e=
e4b4445ea59c806787813/5 LKP_SERVER=3Dinternal-lkp-server nokaslr selinux=3D=
0 debug apic=3Ddebug sysrq_always_enabled rcupdate.rcu_cpu_stall_timeout=3D=
100 net.ifnames=3D0 printk.devkmsg=3Don panic=3D-1 softlockup_panic=3D1 nmi=
_watchdog=3Dpanic oops=3Dpanic load_ramdisk=3D2 prompt_ramdisk=3D0 drbd.min=
or_count=3D8 systemd.log_level=3Derr ignore_loglevel console=3Dtty0 earlypr=
intk=3DttyS0,11
[    0.000000] x86/fpu: Supporting XSAVE feature 0x001: 'x87 floating point=
 registers'
[    0.000000] x86/fpu: Supporting XSAVE feature 0x002: 'SSE registers'
[    0.000000] x86/fpu: Supporting XSAVE feature 0x004: 'AVX registers'
[    0.000000] x86/fpu: Supporting XSAVE feature 0x008: 'MPX bounds registe=
rs'
[    0.000000] x86/fpu: Supporting XSAVE feature 0x010: 'MPX CSR'
[    0.000000] x86/fpu: xstate_offset[2]:  576, xstate_sizes[2]:  256
[    0.000000] x86/fpu: xstate_offset[3]:  832, xstate_sizes[3]:   64
[    0.000000] x86/fpu: xstate_offset[4]:  896, xstate_sizes[4]:   64
[    0.000000] x86/fpu: Enabled xstate features 0x1f, context size is 960 b=
ytes, using 'compacted' format.
[    0.000000] BIOS-provided physical RAM map:
[    0.000000] BIOS-e820: [mem 0x0000000000000100-0x000000000009c7ff] usable
[    0.000000] BIOS-e820: [mem 0x000000000009c800-0x000000000009ffff] reser=
ved
[    0.000000] BIOS-e820: [mem 0x00000000000e0000-0x00000000000fffff] reser=
ved
[    0.000000] BIOS-e820: [mem 0x0000000000100000-0x000000007caa5fff] usable
[    0.000000] BIOS-e820: [mem 0x000000007caa6000-0x000000007caa6fff] ACPI =
NVS
[    0.000000] BIOS-e820: [mem 0x000000007caa7000-0x000000007cad0fff] reser=
ved
[    0.000000] BIOS-e820: [mem 0x000000007cad1000-0x000000007cb22fff] usable
[    0.000000] BIOS-e820: [mem 0x000000007cb23000-0x000000007d323fff] reser=
ved
[    0.000000] BIOS-e820: [mem 0x000000007d324000-0x0000000086f56fff] usable
[    0.000000] BIOS-e820: [mem 0x0000000086f57000-0x00000000872bcfff] reser=
ved
[    0.000000] BIOS-e820: [mem 0x00000000872bd000-0x0000000087309fff] ACPI =
data
[    0.000000] BIOS-e820: [mem 0x000000008730a000-0x0000000087abefff] ACPI =
NVS
[    0.000000] BIOS-e820: [mem 0x0000000087abf000-0x0000000087ffefff] reser=
ved
[    0.000000] BIOS-e820: [mem 0x0000000087fff000-0x0000000087ffffff] usable
[    0.000000] BIOS-e820: [mem 0x00000000e0000000-0x00000000efffffff] reser=
ved
[    0.000000] BIOS-e820: [mem 0x00000000fe000000-0x00000000fe010fff] reser=
ved
[    0.000000] BIOS-e820: [mem 0x00000000fec00000-0x00000000fec00fff] reser=
ved
[    0.000000] BIOS-e820: [mem 0x00000000fee00000-0x00000000fee00fff] reser=
ved
[    0.000000] BIOS-e820: [mem 0x00000000ff000000-0x00000000ffffffff] reser=
ved
[    0.000000] BIOS-e820: [mem 0x0000000100000000-0x0000000871ffffff] usable
[    0.000000] printk: debug: ignoring loglevel setting.
[    0.000000] printk: bootconsole [earlyser0] enabled
[    0.000000] NX (Execute Disable) protection: active
[    0.000000] SMBIOS 2.8 present.
[    0.000000] DMI: Dell Inc. OptiPlex 7040/0Y7WYT, BIOS 1.1.1 10/07/2015
[    0.000000] tsc: Detected 3200.000 MHz processor
[    0.000000] tsc: Detected 3199.980 MHz TSC
[    0.000624] e820: update [mem 0x00000000-0x00000fff] usable =3D=3D> rese=
rved
[    0.011117] e820: remove [mem 0x000a0000-0x000fffff] usable
[    0.016616] last_pfn =3D 0x872000 max_arch_pfn =3D 0x400000000
[    0.022022] MTRR default type: write-back
[    0.025970] MTRR fixed ranges enabled:
[    0.029660]   00000-9FFFF write-back
[    0.033182]   A0000-BFFFF uncachable
[    0.036700]   C0000-FFFFF write-protect
[    0.040479] MTRR variable ranges enabled:
[    0.044427]   0 base 00C0000000 mask 7FC0000000 uncachable
[    0.049836]   1 base 00A0000000 mask 7FE0000000 uncachable
[    0.055245]   2 base 0090000000 mask 7FF0000000 uncachable
[    0.060653]   3 base 008C000000 mask 7FFC000000 uncachable
[    0.066062]   4 base 008A000000 mask 7FFE000000 uncachable
[    0.071470]   5 base 0089800000 mask 7FFF800000 uncachable
[    0.076878]   6 disabled
[    0.079366]   7 disabled
[    0.081858]   8 disabled
[    0.084347]   9 disabled
[    0.087123] x86/PAT: Configuration [0-7]: WB  WC  UC- UC  WB  WP  UC- WT=
 =20
[    0.094209] last_pfn =3D 0x88000 max_arch_pfn =3D 0x400000000
[    0.099411] Scan for SMP in [mem 0x00000000-0x000003ff]
[    0.104574] Scan for SMP in [mem 0x0009fc00-0x0009ffff]
[    0.109724] Scan for SMP in [mem 0x000f0000-0x000fffff]
[    0.120345] found SMP MP-table at [mem 0x000fcde0-0x000fcdef]
[    0.125856]   mpc: fcbb0-fcd5c
[    0.128871] Using GB pages for direct mapping
[    0.133596] RAMDISK: [mem 0x83bb72000-0x86ebfffff]
[    0.138166] ACPI: Early table checksum verification disabled
[    0.143742] ACPI: RSDP 0x00000000000F05B0 000024 (v02 DELL  )
[    0.149407] ACPI: XSDT 0x00000000872DD0A0 0000C4 (v01 DELL   CBX3     01=
072009 AMI  00010013)
[    0.157819] ACPI: FACP 0x00000000872FE7C0 00010C (v05 DELL   CBX3     01=
072009 AMI  00010013)
[    0.166241] ACPI: DSDT 0x00000000872DD1F8 0215C8 (v02 DELL   CBX3     01=
072009 INTL 20120913)
[    0.174667] ACPI: FACS 0x0000000087ABEF80 000040
[    0.179223] ACPI: APIC 0x00000000872FE8D0 000084 (v03 DELL   CBX3     01=
072009 AMI  00010013)
[    0.187652] ACPI: FPDT 0x00000000872FE958 000044 (v01 DELL   CBX3     01=
072009 AMI  00010013)
[    0.196067] ACPI: FIDT 0x00000000872FE9A0 00009C (v01 DELL   CBX3     01=
072009 AMI  00010013)
[    0.204480] ACPI: MCFG 0x00000000872FEA40 00003C (v01 DELL   CBX3     01=
072009 MSFT 00000097)
[    0.212893] ACPI: HPET 0x00000000872FEA80 000038 (v01 DELL   CBX3     01=
072009 AMI. 0005000B)
[    0.221308] ACPI: SSDT 0x00000000872FEAB8 00036D (v01 SataRe SataTabl 00=
001000 INTL 20120913)
[    0.229722] ACPI: SSDT 0x00000000872FEE28 0053B2 (v02 SaSsdt SaSsdt   00=
003000 INTL 20120913)
[    0.238135] ACPI: UEFI 0x00000000873041E0 000042 (v01                 00=
000000      00000000)
[    0.246551] ACPI: LPIT 0x0000000087304228 000094 (v01 INTEL  SKL      00=
000000 MSFT 0000005F)
[    0.254962] ACPI: SSDT 0x00000000873042C0 000248 (v02 INTEL  sensrhub 00=
000000 INTL 20120913)
[    0.263376] ACPI: SSDT 0x0000000087304508 002BAE (v02 INTEL  PtidDevc 00=
001000 INTL 20120913)
[    0.271790] ACPI: SSDT 0x00000000873070B8 000C45 (v02 INTEL  Ther_Rvp 00=
001000 INTL 20120913)
[    0.280203] ACPI: DBGP 0x0000000087307D00 000034 (v01 INTEL           00=
000000 MSFT 0000005F)
[    0.288616] ACPI: DBG2 0x0000000087307D38 000054 (v00 INTEL           00=
000000 MSFT 0000005F)
[    0.297030] ACPI: SSDT 0x0000000087307D90 000613 (v02 INTEL  DELL__MT 00=
000000 INTL 20120913)
[    0.305442] ACPI: SSDT 0x00000000873083A8 000E58 (v02 CpuRef CpuSsdt  00=
003000 INTL 20120913)
[    0.313855] ACPI: SLIC 0x0000000087309200 000176 (v03 DELL   CBX3     01=
072009 MSFT 00010013)
[    0.322268] ACPI: DMAR 0x0000000087309378 0000A8 (v01 INTEL  SKL      00=
000001 INTL 00000001)
[    0.330680] ACPI: ASF! 0x0000000087309420 0000A5 (v32 INTEL   HCG     00=
000001 TFSM 000F4240)
[    0.339098] ACPI: Local APIC address 0xfee00000
[    0.343561] mapped APIC to ffffffffff5fc000 (        fee00000)
[    0.349448] No NUMA configuration found
[    0.353087] Faking a node at [mem 0x0000000000000000-0x0000000871ffffff]
[    0.359703] NODE_DATA(0) allocated [mem 0x871fd5000-0x871ffffff]
[    0.365823] cma: Reserved 200 MiB at 0x000000082f000000
[    0.370848] Zone ranges:
[    0.373309]   DMA      [mem 0x0000000000001000-0x0000000000ffffff]
[    0.379406]   DMA32    [mem 0x0000000001000000-0x00000000ffffffff]
[    0.385502]   Normal   [mem 0x0000000100000000-0x0000000871ffffff]
[    0.391598]   Device   empty
[    0.394431] Movable zone start for each node
[    0.398642] Early memory node ranges
[    0.402167]   node   0: [mem 0x0000000000001000-0x000000000009bfff]
[    0.408358]   node   0: [mem 0x0000000000100000-0x000000007caa5fff]
[    0.414549]   node   0: [mem 0x000000007cad1000-0x000000007cb22fff]
[    0.420740]   node   0: [mem 0x000000007d324000-0x0000000086f56fff]
[    0.426931]   node   0: [mem 0x0000000087fff000-0x0000000087ffffff]
[    0.433113]   node   0: [mem 0x0000000100000000-0x0000000871ffffff]
[    0.439535] Zeroed struct page in unavailable ranges: 31033 pages
[    0.439536] Initmem setup node 0 [mem 0x0000000000001000-0x0000000871fff=
fff]
[    0.452347] On node 0 totalpages: 8357575
[    0.456294]   DMA zone: 64 pages used for memmap
[    0.460845]   DMA zone: 21 pages reserved
[    0.464795]   DMA zone: 3995 pages, LIFO batch:0
[    0.469371]   DMA32 zone: 8541 pages used for memmap
[    0.474239]   DMA32 zone: 546604 pages, LIFO batch:63
[    0.482815]   Normal zone: 121984 pages used for memmap
[    0.487811]   Normal zone: 7806976 pages, LIFO batch:63
[    0.493193] Reserving Intel graphics memory at [mem 0x8a000000-0x8bfffff=
f]
[    0.500003] ACPI: PM-Timer IO Port: 0x1808
[    0.503883] ACPI: Local APIC address 0xfee00000
[    0.508349] ACPI: LAPIC_NMI (acpi_id[0x01] high edge lint[0x1])
[    0.514184] ACPI: LAPIC_NMI (acpi_id[0x02] high edge lint[0x1])
[    0.520023] ACPI: LAPIC_NMI (acpi_id[0x03] high edge lint[0x1])
[    0.525859] ACPI: LAPIC_NMI (acpi_id[0x04] high edge lint[0x1])
[    0.531722] IOAPIC[0]: apic_id 2, version 32, address 0xfec00000, GSI 0-=
119
[    0.538565] ACPI: INT_SRC_OVR (bus 0 bus_irq 0 global_irq 2 dfl dfl)
[    0.544832] Int: type 0, pol 0, trig 0, bus 00, IRQ 00, APIC ID 2, APIC =
INT 02
[    0.551957] ACPI: INT_SRC_OVR (bus 0 bus_irq 9 global_irq 9 high level)
[    0.558481] Int: type 0, pol 1, trig 3, bus 00, IRQ 09, APIC ID 2, APIC =
INT 09
[    0.565606] ACPI: IRQ0 used by override.
[    0.569471] Int: type 0, pol 0, trig 0, bus 00, IRQ 01, APIC ID 2, APIC =
INT 01
[    0.576596] Int: type 0, pol 0, trig 0, bus 00, IRQ 03, APIC ID 2, APIC =
INT 03
[    0.583719] Int: type 0, pol 0, trig 0, bus 00, IRQ 04, APIC ID 2, APIC =
INT 04
[    0.590847] Int: type 0, pol 0, trig 0, bus 00, IRQ 05, APIC ID 2, APIC =
INT 05
[    0.597971] Int: type 0, pol 0, trig 0, bus 00, IRQ 06, APIC ID 2, APIC =
INT 06
[    0.605095] Int: type 0, pol 0, trig 0, bus 00, IRQ 07, APIC ID 2, APIC =
INT 07
[    0.612221] Int: type 0, pol 0, trig 0, bus 00, IRQ 08, APIC ID 2, APIC =
INT 08
[    0.619344] ACPI: IRQ9 used by override.
[    0.623208] Int: type 0, pol 0, trig 0, bus 00, IRQ 0a, APIC ID 2, APIC =
INT 0a
[    0.630335] Int: type 0, pol 0, trig 0, bus 00, IRQ 0b, APIC ID 2, APIC =
INT 0b
[    0.637463] Int: type 0, pol 0, trig 0, bus 00, IRQ 0c, APIC ID 2, APIC =
INT 0c
[    0.644601] Int: type 0, pol 0, trig 0, bus 00, IRQ 0d, APIC ID 2, APIC =
INT 0d
[    0.651740] Int: type 0, pol 0, trig 0, bus 00, IRQ 0e, APIC ID 2, APIC =
INT 0e
[    0.658878] Int: type 0, pol 0, trig 0, bus 00, IRQ 0f, APIC ID 2, APIC =
INT 0f
[    0.666016] Using ACPI (MADT) for SMP configuration information
[    0.671855] ACPI: HPET id: 0x8086a701 base: 0xfed00000
[    0.676922] TSC deadline timer available
[    0.680786] smpboot: Allowing 4 CPUs, 0 hotplug CPUs
[    0.685682] mapped IOAPIC to ffffffffff5fb000 (fec00000)
[    0.690927] PM: hibernation: Registered nosave memory: [mem 0x00000000-0=
x00000fff]
[    0.698389] PM: hibernation: Registered nosave memory: [mem 0x0009c000-0=
x0009cfff]
[    0.705859] PM: hibernation: Registered nosave memory: [mem 0x0009d000-0=
x0009ffff]
[    0.713329] PM: hibernation: Registered nosave memory: [mem 0x000a0000-0=
x000dffff]
[    0.720799] PM: hibernation: Registered nosave memory: [mem 0x000e0000-0=
x000fffff]
[    0.728269] PM: hibernation: Registered nosave memory: [mem 0x7caa6000-0=
x7caa6fff]
[    0.735739] PM: hibernation: Registered nosave memory: [mem 0x7caa7000-0=
x7cad0fff]
[    0.743209] PM: hibernation: Registered nosave memory: [mem 0x7cb23000-0=
x7d323fff]
[    0.750677] PM: hibernation: Registered nosave memory: [mem 0x86f57000-0=
x872bcfff]
[    0.758146] PM: hibernation: Registered nosave memory: [mem 0x872bd000-0=
x87309fff]
[    0.765617] PM: hibernation: Registered nosave memory: [mem 0x8730a000-0=
x87abefff]
[    0.773085] PM: hibernation: Registered nosave memory: [mem 0x87abf000-0=
x87ffefff]
[    0.780554] PM: hibernation: Registered nosave memory: [mem 0x88000000-0=
x89ffffff]
[    0.788022] PM: hibernation: Registered nosave memory: [mem 0x8a000000-0=
x8bffffff]
[    0.795492] PM: hibernation: Registered nosave memory: [mem 0x8c000000-0=
xdfffffff]
[    0.802962] PM: hibernation: Registered nosave memory: [mem 0xe0000000-0=
xefffffff]
[    0.810432] PM: hibernation: Registered nosave memory: [mem 0xf0000000-0=
xfdffffff]
[    0.817902] PM: hibernation: Registered nosave memory: [mem 0xfe000000-0=
xfe010fff]
[    0.825374] PM: hibernation: Registered nosave memory: [mem 0xfe011000-0=
xfebfffff]
[    0.832843] PM: hibernation: Registered nosave memory: [mem 0xfec00000-0=
xfec00fff]
[    0.840313] PM: hibernation: Registered nosave memory: [mem 0xfec01000-0=
xfedfffff]
[    0.847783] PM: hibernation: Registered nosave memory: [mem 0xfee00000-0=
xfee00fff]
[    0.855255] PM: hibernation: Registered nosave memory: [mem 0xfee01000-0=
xfeffffff]
[    0.862724] PM: hibernation: Registered nosave memory: [mem 0xff000000-0=
xffffffff]
[    0.870195] [mem 0x8c000000-0xdfffffff] available for PCI devices
[    0.876209] Booting paravirtualized kernel on bare hardware
[    0.881714] clocksource: refined-jiffies: mask: 0xffffffff max_cycles: 0=
xffffffff, max_idle_ns: 1910969940391419 ns
[    0.896167] setup_percpu: NR_CPUS:8192 nr_cpumask_bits:4 nr_cpu_ids:4 nr=
_node_ids:1
[    0.903683] percpu: Embedded 55 pages/cpu s188416 r8192 d28672 u524288
[    0.910023] pcpu-alloc: s188416 r8192 d28672 u524288 alloc=3D1*2097152
[    0.916288] pcpu-alloc: [0] 0 1 2 3=20
[    0.919825] Built 1 zonelists, mobility grouping on.  Total pages: 82269=
65
[    0.926593] Policy zone: Normal
[    0.929685] Kernel command line: ip=3D::::lkp-skl-d04::dhcp root=3D/dev/=
ram0 user=3Dlkp job=3D/lkp/jobs/scheduled/lkp-skl-d04/perf-sanity-tests-gcc=
-ucode=3D0xe2-debian-10.4-x86_64-20200603.cgz-8c3b1ba0e7ea9a80b0ee4b4445ea5=
9c806787813-20201226-25066-sfkgan-4.yaml ARCH=3Dx86_64 kconfig=3Dx86_64-rhe=
l-8.3 branch=3Ddrm-intel/drm-intel-gt-next commit=3D8c3b1ba0e7ea9a80b0ee4b4=
445ea59c806787813 BOOT_IMAGE=3D/pkg/linux/x86_64-rhel-8.3/gcc-9/8c3b1ba0e7e=
a9a80b0ee4b4445ea59c806787813/vmlinuz-5.10.0-rc3-01127-g8c3b1ba0e7ea max_up=
time=3D2100 RESULT_ROOT=3D/result/perf-sanity-tests/gcc-ucode=3D0xe2/lkp-sk=
l-d04/debian-10.4-x86_64-20200603.cgz/x86_64-rhel-8.3/gcc-9/8c3b1ba0e7ea9a8=
0b0ee4b4445ea59c806787813/5 LKP_SERVER=3Dinternal-lkp-server nokaslr selinu=
x=3D0 debug apic=3Ddebug sysrq_always_enabled rcupdate.rcu_cpu_stall_timeou=
t=3D100 net.ifnames=3D0 printk.devkmsg=3Don panic=3D-1 softlockup_panic=3D1=
 nmi_watchdog=3Dpanic oops=3Dpanic load_ramdisk=3D2 prompt_ramdisk=3D0 drbd=
=2Eminor_count=3D8 systemd.log_level=3Derr ignore_loglevel console=3Dtty0 e=
arlyprintk=3Dt
[    0.929897] sysrq: sysrq always enabled.
[    1.020059] ignoring the deprecated load_ramdisk=3D option
[    1.026451] Dentry cache hash table entries: 4194304 (order: 13, 3355443=
2 bytes, linear)
[    1.034851] Inode-cache hash table entries: 2097152 (order: 12, 16777216=
 bytes, linear)
[    1.042627] mem auto-init: stack:off, heap alloc:off, heap free:off
[    1.072392] Memory: 2267592K/33430300K available (14347K kernel code, 61=
42K rwdata, 4812K rodata, 2432K init, 5268K bss, 1517728K reserved, 204800K=
 cma-reserved)
[    1.086516] random: get_random_u64 called from cache_random_seq_create+0=
x80/0x180 with crng_init=3D0
[    1.086564] SLUB: HWalign=3D64, Order=3D0-3, MinObjects=3D0, CPUs=3D4, N=
odes=3D1
[    1.101783] Kernel/User page tables isolation: enabled
[    1.106850] ftrace: allocating 45690 entries in 179 pages
[    1.124398] ftrace: allocated 179 pages with 5 groups
[    1.129287] rcu: Hierarchical RCU implementation.
[    1.133876] rcu: 	RCU restricting CPUs from NR_CPUS=3D8192 to nr_cpu_ids=
=3D4.
[    1.140584] 	RCU CPU stall warnings timeout set to 100 (rcu_cpu_stall_ti=
meout).
[    1.147797] 	Trampoline variant of Tasks RCU enabled.
[    1.152778] 	Rude variant of Tasks RCU enabled.
[    1.157243] 	Tracing variant of Tasks RCU enabled.
[    1.161967] rcu: RCU calculated value of scheduler-enlistment delay is 1=
00 jiffies.
[    1.169521] rcu: Adjusting geometry for rcu_fanout_leaf=3D16, nr_cpu_ids=
=3D4
[    1.178909] NR_IRQS: 524544, nr_irqs: 1024, preallocated irqs: 16
[    1.187148] Console: colour VGA+ 80x25
[    1.218889] printk: console [tty0] enabled
[    1.222902] printk: console [ttyS0] enabled
[    1.222902] printk: console [ttyS0] enabled
[    1.231135] printk: bootconsole [earlyser0] disabled
[    1.231135] printk: bootconsole [earlyser0] disabled
[    1.240941] ACPI: Core revision 20200925
[    1.245163] clocksource: hpet: mask: 0xffffffff max_cycles: 0xffffffff, =
max_idle_ns: 79635855245 ns
[    1.254313] APIC: Switch to symmetric I/O mode setup
[    1.259361] DMAR: Host address width 39
[    1.263293] DMAR: DRHD base: 0x000000fed90000 flags: 0x0
[    1.268689] DMAR: dmar0: reg_base_addr fed90000 ver 1:0 cap 1c0000c40660=
462 ecap 7e3ff0505e
[    1.277114] DMAR: DRHD base: 0x000000fed91000 flags: 0x1
[    1.282510] DMAR: dmar1: reg_base_addr fed91000 ver 1:0 cap d2008c406604=
62 ecap f050da
[    1.290504] DMAR: RMRR base: 0x0000008715f000 end: 0x0000008717efff
[    1.296843] DMAR: RMRR base: 0x00000089800000 end: 0x0000008bffffff
[    1.303186] DMAR: [Firmware Bug]: No firmware reserved region can cover =
this RMRR [0x0000000089800000-0x000000008bffffff], contact BIOS vendor for =
fixes
[    1.316860] DMAR: [Firmware Bug]: Your BIOS is broken; bad RMRR [0x00000=
00089800000-0x000000008bffffff]
[    1.316860] BIOS vendor: Dell Inc.; Ver: 1.1.1; Product Version:=20
[    1.332361] DMAR-IR: IOAPIC id 2 under DRHD base  0xfed91000 IOMMU 1
[    1.338786] DMAR-IR: HPET id 0 under DRHD base 0xfed91000
[    1.344266] DMAR-IR: x2apic is disabled because BIOS sets x2apic opt out=
 bit.
[    1.344266] DMAR-IR: Use 'intremap=3Dno_x2apic_optout' to override the B=
IOS setting.
[    1.359239] DMAR-IR: IRQ remapping was enabled on dmar0 but we are not i=
n kdump mode
[    1.367186] DMAR-IR: IRQ remapping was enabled on dmar1 but we are not i=
n kdump mode
[    1.376246] DMAR-IR: Enabled IRQ remapping in xapic mode
[    1.381617] x2apic: IRQ remapping doesn't support X2APIC mode
[    1.387450] masked ExtINT on CPU#0
[    1.394676] ENABLING IO-APIC IRQs
[    1.398064] init IO_APIC IRQs
[    1.401108]  apic 2 pin 0 not connected
[    1.405015] IOAPIC[2]: Set IRTE entry (P:1 FPD:0 Dst_Mode:1 Redir_hint:1=
 Trig_Mode:0 Dlvry_Mode:0 Avail:0 Vector:EF Dest:00000100 SID:F0F8 SQ:0 SVT=
:1)
[    1.418495] IOAPIC[0]: Set routing entry (2-1 -> 0xef -> IRQ 1 Mode:0 Ac=
tive:0 Dest:1)
[    1.426464] IOAPIC[2]: Set IRTE entry (P:1 FPD:0 Dst_Mode:1 Redir_hint:1=
 Trig_Mode:0 Dlvry_Mode:0 Avail:0 Vector:30 Dest:00000100 SID:F0F8 SQ:0 SVT=
:1)
[    1.439947] IOAPIC[0]: Set routing entry (2-2 -> 0x30 -> IRQ 0 Mode:0 Ac=
tive:0 Dest:1)
[    1.447915] IOAPIC[2]: Set IRTE entry (P:1 FPD:0 Dst_Mode:1 Redir_hint:1=
 Trig_Mode:0 Dlvry_Mode:0 Avail:0 Vector:EF Dest:00000100 SID:F0F8 SQ:0 SVT=
:1)
[    1.461398] IOAPIC[0]: Set routing entry (2-3 -> 0xef -> IRQ 3 Mode:0 Ac=
tive:0 Dest:1)
[    1.469368] IOAPIC[2]: Set IRTE entry (P:1 FPD:0 Dst_Mode:1 Redir_hint:1=
 Trig_Mode:0 Dlvry_Mode:0 Avail:0 Vector:EF Dest:00000100 SID:F0F8 SQ:0 SVT=
:1)
[    1.482846] IOAPIC[0]: Set routing entry (2-4 -> 0xef -> IRQ 4 Mode:0 Ac=
tive:0 Dest:1)
[    1.490817] IOAPIC[2]: Set IRTE entry (P:1 FPD:0 Dst_Mode:1 Redir_hint:1=
 Trig_Mode:0 Dlvry_Mode:0 Avail:0 Vector:EF Dest:00000100 SID:F0F8 SQ:0 SVT=
:1)
[    1.505098] IOAPIC[0]: Set routing entry (2-5 -> 0xef -> IRQ 5 Mode:0 Ac=
tive:0 Dest:1)
[    1.513067] IOAPIC[2]: Set IRTE entry (P:1 FPD:0 Dst_Mode:1 Redir_hint:1=
 Trig_Mode:0 Dlvry_Mode:0 Avail:0 Vector:EF Dest:00000100 SID:F0F8 SQ:0 SVT=
:1)
[    1.526546] IOAPIC[0]: Set routing entry (2-6 -> 0xef -> IRQ 6 Mode:0 Ac=
tive:0 Dest:1)
[    1.534514] IOAPIC[2]: Set IRTE entry (P:1 FPD:0 Dst_Mode:1 Redir_hint:1=
 Trig_Mode:0 Dlvry_Mode:0 Avail:0 Vector:EF Dest:00000100 SID:F0F8 SQ:0 SVT=
:1)
[    1.547997] IOAPIC[0]: Set routing entry (2-7 -> 0xef -> IRQ 7 Mode:0 Ac=
tive:0 Dest:1)
[    1.555966] IOAPIC[2]: Set IRTE entry (P:1 FPD:0 Dst_Mode:1 Redir_hint:1=
 Trig_Mode:0 Dlvry_Mode:0 Avail:0 Vector:EF Dest:00000100 SID:F0F8 SQ:0 SVT=
:1)
[    1.569445] IOAPIC[0]: Set routing entry (2-8 -> 0xef -> IRQ 8 Mode:0 Ac=
tive:0 Dest:1)
[    1.577412] IOAPIC[2]: Set IRTE entry (P:1 FPD:0 Dst_Mode:1 Redir_hint:1=
 Trig_Mode:0 Dlvry_Mode:0 Avail:0 Vector:EF Dest:00000100 SID:F0F8 SQ:0 SVT=
:1)
[    1.590897] IOAPIC[0]: Set routing entry (2-9 -> 0xef -> IRQ 9 Mode:1 Ac=
tive:0 Dest:1)
[    1.598880] IOAPIC[2]: Set IRTE entry (P:1 FPD:0 Dst_Mode:1 Redir_hint:1=
 Trig_Mode:0 Dlvry_Mode:0 Avail:0 Vector:EF Dest:00000100 SID:F0F8 SQ:0 SVT=
:1)
[    1.612383] IOAPIC[0]: Set routing entry (2-10 -> 0xef -> IRQ 10 Mode:0 =
Active:0 Dest:1)
[    1.620530] IOAPIC[2]: Set IRTE entry (P:1 FPD:0 Dst_Mode:1 Redir_hint:1=
 Trig_Mode:0 Dlvry_Mode:0 Avail:0 Vector:EF Dest:00000100 SID:F0F8 SQ:0 SVT=
:1)
[    1.634009] IOAPIC[0]: Set routing entry (2-11 -> 0xef -> IRQ 11 Mode:0 =
Active:0 Dest:1)
[    1.642149] IOAPIC[2]: Set IRTE entry (P:1 FPD:0 Dst_Mode:1 Redir_hint:1=
 Trig_Mode:0 Dlvry_Mode:0 Avail:0 Vector:EF Dest:00000100 SID:F0F8 SQ:0 SVT=
:1)
[    1.655633] IOAPIC[0]: Set routing entry (2-12 -> 0xef -> IRQ 12 Mode:0 =
Active:0 Dest:1)
[    1.663775] IOAPIC[2]: Set IRTE entry (P:1 FPD:0 Dst_Mode:1 Redir_hint:1=
 Trig_Mode:0 Dlvry_Mode:0 Avail:0 Vector:EF Dest:00000100 SID:F0F8 SQ:0 SVT=
:1)
[    1.677257] IOAPIC[0]: Set routing entry (2-13 -> 0xef -> IRQ 13 Mode:0 =
Active:0 Dest:1)
[    1.685400] IOAPIC[2]: Set IRTE entry (P:1 FPD:0 Dst_Mode:1 Redir_hint:1=
 Trig_Mode:0 Dlvry_Mode:0 Avail:0 Vector:EF Dest:00000100 SID:F0F8 SQ:0 SVT=
:1)
[    1.698886] IOAPIC[0]: Set routing entry (2-14 -> 0xef -> IRQ 14 Mode:0 =
Active:0 Dest:1)
[    1.707028] IOAPIC[2]: Set IRTE entry (P:1 FPD:0 Dst_Mode:1 Redir_hint:1=
 Trig_Mode:0 Dlvry_Mode:0 Avail:0 Vector:EF Dest:00000100 SID:F0F8 SQ:0 SVT=
:1)
[    1.720511] IOAPIC[0]: Set routing entry (2-15 -> 0xef -> IRQ 15 Mode:0 =
Active:0 Dest:1)
[    1.728653]  apic 2 pin 16 not connected
[    1.732645]  apic 2 pin 17 not connected
[    1.736634]  apic 2 pin 18 not connected
[    1.740625]  apic 2 pin 19 not connected
[    1.744615]  apic 2 pin 20 not connected
[    1.748605]  apic 2 pin 21 not connected
[    1.752595]  apic 2 pin 22 not connected
[    1.756585]  apic 2 pin 23 not connected
[    1.760575]  apic 2 pin 24 not connected
[    1.764564]  apic 2 pin 25 not connected
[    1.768554]  apic 2 pin 26 not connected
[    1.772544]  apic 2 pin 27 not connected
[    1.776535]  apic 2 pin 28 not connected
[    1.780526]  apic 2 pin 29 not connected
[    1.784515]  apic 2 pin 30 not connected
[    1.788506]  apic 2 pin 31 not connected
[    1.792494]  apic 2 pin 32 not connected
[    1.796485]  apic 2 pin 33 not connected
[    1.800475]  apic 2 pin 34 not connected
[    1.804466]  apic 2 pin 35 not connected
[    1.808458]  apic 2 pin 36 not connected
[    1.812450]  apic 2 pin 37 not connected
[    1.816440]  apic 2 pin 38 not connected
[    1.820431]  apic 2 pin 39 not connected
[    1.824422]  apic 2 pin 40 not connected
[    1.828419]  apic 2 pin 41 not connected
[    1.832417]  apic 2 pin 42 not connected
[    1.836411]  apic 2 pin 43 not connected
[    1.840408]  apic 2 pin 44 not connected
[    1.844403]  apic 2 pin 45 not connected
[    1.848401]  apic 2 pin 46 not connected
[    1.852400]  apic 2 pin 47 not connected
[    1.856392]  apic 2 pin 48 not connected
[    1.860383]  apic 2 pin 49 not connected
[    1.864374]  apic 2 pin 50 not connected
[    1.868365]  apic 2 pin 51 not connected
[    1.872354]  apic 2 pin 52 not connected
[    1.876343]  apic 2 pin 53 not connected
[    1.880333]  apic 2 pin 54 not connected
[    1.884324]  apic 2 pin 55 not connected
[    1.888314]  apic 2 pin 56 not connected
[    1.892306]  apic 2 pin 57 not connected
[    1.896297]  apic 2 pin 58 not connected
[    1.900287]  apic 2 pin 59 not connected
[    1.904278]  apic 2 pin 60 not connected
[    1.908268]  apic 2 pin 61 not connected
[    1.912260]  apic 2 pin 62 not connected
[    1.916250]  apic 2 pin 63 not connected
[    1.920239]  apic 2 pin 64 not connected
[    1.924228]  apic 2 pin 65 not connected
[    1.928220]  apic 2 pin 66 not connected
[    1.932209]  apic 2 pin 67 not connected
[    1.936201]  apic 2 pin 68 not connected
[    1.940190]  apic 2 pin 69 not connected
[    1.944179]  apic 2 pin 70 not connected
[    1.948169]  apic 2 pin 71 not connected
[    1.952159]  apic 2 pin 72 not connected
[    1.956150]  apic 2 pin 73 not connected
[    1.960142]  apic 2 pin 74 not connected
[    1.964133]  apic 2 pin 75 not connected
[    1.968123]  apic 2 pin 76 not connected
[    1.972113]  apic 2 pin 77 not connected
[    1.976104]  apic 2 pin 78 not connected
[    1.980095]  apic 2 pin 79 not connected
[    1.984085]  apic 2 pin 80 not connected
[    1.988075]  apic 2 pin 81 not connected
[    1.992064]  apic 2 pin 82 not connected
[    1.996054]  apic 2 pin 83 not connected
[    2.000045]  apic 2 pin 84 not connected
[    2.004035]  apic 2 pin 85 not connected
[    2.008026]  apic 2 pin 86 not connected
[    2.012017]  apic 2 pin 87 not connected
[    2.016008]  apic 2 pin 88 not connected
[    2.019999]  apic 2 pin 89 not connected
[    2.023988]  apic 2 pin 90 not connected
[    2.027978]  apic 2 pin 91 not connected
[    2.031967]  apic 2 pin 92 not connected
[    2.035956]  apic 2 pin 93 not connected
[    2.039947]  apic 2 pin 94 not connected
[    2.043937]  apic 2 pin 95 not connected
[    2.047926]  apic 2 pin 96 not connected
[    2.051916]  apic 2 pin 97 not connected
[    2.055908]  apic 2 pin 98 not connected
[    2.059899]  apic 2 pin 99 not connected
[    2.063893]  apic 2 pin 100 not connected
[    2.067977]  apic 2 pin 101 not connected
[    2.072056]  apic 2 pin 102 not connected
[    2.076141]  apic 2 pin 103 not connected
[    2.080225]  apic 2 pin 104 not connected
[    2.084305]  apic 2 pin 105 not connected
[    2.088390]  apic 2 pin 106 not connected
[    2.092470]  apic 2 pin 107 not connected
[    2.096546]  apic 2 pin 108 not connected
[    2.100622]  apic 2 pin 109 not connected
[    2.104700]  apic 2 pin 110 not connected
[    2.108777]  apic 2 pin 111 not connected
[    2.112853]  apic 2 pin 112 not connected
[    2.116929]  apic 2 pin 113 not connected
[    2.121004]  apic 2 pin 114 not connected
[    2.125082]  apic 2 pin 115 not connected
[    2.129158]  apic 2 pin 116 not connected
[    2.133236]  apic 2 pin 117 not connected
[    2.137311]  apic 2 pin 118 not connected
[    2.141387]  apic 2 pin 119 not connected
[    2.145619] ..TIMER: vector=3D0x30 apic1=3D0 pin1=3D2 apic2=3D-1 pin2=3D=
-1
[    2.155996] clocksource: tsc-early: mask: 0xffffffffffffffff max_cycles:=
 0x2e2036ff8d5, max_idle_ns: 440795275316 ns
[    2.166546] Calibrating delay loop (skipped), value calculated using tim=
er frequency.. 6399.96 BogoMIPS (lpj=3D3199980)
[    2.167545] pid_max: default: 32768 minimum: 301
[    2.168563] LSM: Security Framework initializing
[    2.169551] Yama: becoming mindful.
[    2.170560] AppArmor: AppArmor initialized
[    2.171586] Mount-cache hash table entries: 65536 (order: 7, 524288 byte=
s, linear)
[    2.172583] Mountpoint-cache hash table entries: 65536 (order: 7, 524288=
 bytes, linear)
Poking KASLR using RDRAND RDTSC...
[    2.176877] mce: CPU0: Thermal monitoring enabled (TM1)
[    2.177557] process: using mwait in idle threads
[    2.178546] Last level iTLB entries: 4KB 128, 2MB 8, 4MB 8
[    2.180545] Last level dTLB entries: 4KB 64, 2MB 0, 4MB 0, 1GB 4
[    2.181547] Spectre V1 : Mitigation: usercopy/swapgs barriers and __user=
 pointer sanitization
[    2.182547] Spectre V2 : Mitigation: Full generic retpoline
[    2.183545] Spectre V2 : Spectre v2 / SpectreRSB mitigation: Filling RSB=
 on context switch
[    2.184545] Spectre V2 : Enabling Restricted Speculation for firmware ca=
lls
[    2.185547] Spectre V2 : mitigation: Enabling conditional Indirect Branc=
h Prediction Barrier
[    2.186547] Speculative Store Bypass: Mitigation: Speculative Store Bypa=
ss disabled via prctl and seccomp
[    2.187546] TAA: Mitigation: Clear CPU buffers
[    2.188546] SRBDS: Mitigation: Microcode
[    2.189545] MDS: Mitigation: Clear CPU buffers
[    2.191571] Freeing SMP alternatives memory: 40K
[    2.194021] smpboot: CPU0: Intel(R) Core(TM) i5-6500 CPU @ 3.20GHz (fami=
ly: 0x6, model: 0x5e, stepping: 0x3)
[    2.194604] Performance Events: PEBS fmt3+, Skylake events, 32-deep LBR,=
 full-width counters, Broken BIOS detected, complain to your hardware vendo=
r.
[    2.195546] [Firmware Bug]: the BIOS has corrupted hw-PMU resources (MSR=
 189 is 100430000)
[    2.196545] Intel PMU driver.
[    2.196546] ... version:                4
[    2.198545] ... bit width:              48
[    2.199545] ... generic registers:      8
[    2.200545] ... value mask:             0000ffffffffffff
[    2.201545] ... max period:             00007fffffffffff
[    2.202545] ... fixed-purpose events:   3
[    2.203545] ... event mask:             00000007000000ff
[    2.204624] rcu: Hierarchical SRCU implementation.
[    2.205976] NMI watchdog: Enabled. Permanently consumes one hw-PMU count=
er.
[    2.206580] smp: Bringing up secondary CPUs ...
[    2.207597] x86: Booting SMP configuration:
[    2.208547] .... node  #0, CPUs:      #1
[    0.957511] masked ExtINT on CPU#1
[    2.216193]  #2
[    0.957511] masked ExtINT on CPU#2
[    2.221803]  #3
[    0.957511] masked ExtINT on CPU#3
[    2.227295] smp: Brought up 1 node, 4 CPUs
[    2.227546] smpboot: Max logical packages: 1
[    2.228546] smpboot: Total of 4 processors activated (25599.84 BogoMIPS)
[    2.262668] node 0 deferred pages initialised in 33ms
[    2.268941] devtmpfs: initialized
[    2.269575] x86/mm: Memory block size: 128MB
[    2.272046] PM: Registering ACPI NVS region [mem 0x7caa6000-0x7caa6fff] =
(4096 bytes)
[    2.272547] PM: Registering ACPI NVS region [mem 0x8730a000-0x87abefff] =
(8081408 bytes)
[    2.273670] clocksource: jiffies: mask: 0xffffffff max_cycles: 0xfffffff=
f, max_idle_ns: 1911260446275000 ns
[    2.274548] futex hash table entries: 1024 (order: 4, 65536 bytes, linea=
r)
[    2.276010] pinctrl core: initialized pinctrl subsystem
[    2.276639] NET: Registered protocol family 16
[    2.277713] DMA: preallocated 4096 KiB GFP_KERNEL pool for atomic alloca=
tions
[    2.278553] DMA: preallocated 4096 KiB GFP_KERNEL|GFP_DMA pool for atomi=
c allocations
[    2.279551] DMA: preallocated 4096 KiB GFP_KERNEL|GFP_DMA32 pool for ato=
mic allocations
[    2.280550] audit: initializing netlink subsys (disabled)
[    2.281552] audit: type=3D2000 audit(1608913432.140:1): state=3Dinitiali=
zed audit_enabled=3D0 res=3D1
[    2.281605] thermal_sys: Registered thermal governor 'fair_share'
[    2.282546] thermal_sys: Registered thermal governor 'bang_bang'
[    2.283545] thermal_sys: Registered thermal governor 'step_wise'
[    2.284545] thermal_sys: Registered thermal governor 'user_space'
[    2.285550] cpuidle: using governor menu
[    2.287651] ACPI FADT declares the system doesn't support PCIe ASPM, so =
disable it
[    2.288546] ACPI: bus type PCI registered
[    2.289545] acpiphp: ACPI Hot Plug PCI Controller Driver version: 0.5
[    2.290593] PCI: MMCONFIG for domain 0000 [bus 00-ff] at [mem 0xe0000000=
-0xefffffff] (base 0xe0000000)
[    2.291547] PCI: MMCONFIG at [mem 0xe0000000-0xefffffff] reserved in E820
[    2.292555] PCI: Using configuration type 1 for base access
[    2.294888] HugeTLB registered 1.00 GiB page size, pre-allocated 0 pages
[    2.295546] HugeTLB registered 2.00 MiB page size, pre-allocated 0 pages
[    2.296561] cryptd: max_cpu_qlen set to 1000
[    2.297582] ACPI: Added _OSI(Module Device)
[    2.298546] ACPI: Added _OSI(Processor Device)
[    2.306547] ACPI: Added _OSI(3.0 _SCP Extensions)
[    2.311545] ACPI: Added _OSI(Processor Aggregator Device)
[    2.316547] ACPI: Added _OSI(Linux-Dell-Video)
[    2.317549] ACPI: Added _OSI(Linux-Lenovo-NV-HDMI-Audio)
[    2.318546] ACPI: Added _OSI(Linux-HPI-Hybrid-Graphics)
[    2.346028] ACPI: 8 ACPI AML tables successfully acquired and loaded
[    2.348354] ACPI: [Firmware Bug]: BIOS _OSI(Linux) query ignored
[    2.351306] ACPI: Dynamic OEM Table Load:
[    2.351549] ACPI: SSDT 0xFFFF888100CB2800 0006A2 (v02 PmRef  Cpu0Ist  00=
003000 INTL 20120913)
[    2.353458] ACPI: \_PR_.CPU0: _OSC native thermal LVT Acked
[    2.354717] ACPI: Dynamic OEM Table Load:
[    2.355548] ACPI: SSDT 0xFFFF8888714EB800 00037F (v02 PmRef  Cpu0Cst  00=
003001 INTL 20120913)
[    2.357423] ACPI: Dynamic OEM Table Load:
[    2.357547] ACPI: SSDT 0xFFFF888871CFA6C0 00008E (v02 PmRef  Cpu0Hwp  00=
003000 INTL 20120913)
[    2.359339] ACPI: Dynamic OEM Table Load:
[    2.359547] ACPI: SSDT 0xFFFF88887158FC00 000130 (v02 PmRef  HwpLvt   00=
003000 INTL 20120913)
[    2.361727] ACPI: Dynamic OEM Table Load:
[    2.362548] ACPI: SSDT 0xFFFF888100CB3800 0005AA (v02 PmRef  ApIst    00=
003000 INTL 20120913)
[    2.364580] ACPI: Dynamic OEM Table Load:
[    2.365547] ACPI: SSDT 0xFFFF88887158F400 000119 (v02 PmRef  ApHwp    00=
003000 INTL 20120913)
[    2.367406] ACPI: Dynamic OEM Table Load:
[    2.367547] ACPI: SSDT 0xFFFF88887158E800 000119 (v02 PmRef  ApCst    00=
003000 INTL 20120913)
[    2.371494] ACPI: Interpreter enabled
[    2.371576] ACPI: (supports S0 S3 S4 S5)
[    2.372545] ACPI: Using IOAPIC for interrupt routing
[    2.373573] PCI: Using host bridge windows from ACPI; if necessary, use =
"pci=3Dnocrs" and report a bug
[    2.375210] ACPI: Enabled 7 GPEs in block 00 to 7F
[    2.377310] ACPI: Power Resource [PG00] (on)
[    2.377840] ACPI: Power Resource [PG01] (on)
[    2.378819] ACPI: Power Resource [PG02] (on)
[    2.381374] ACPI: Power Resource [WRST] (off)
[    2.381787] ACPI: Power Resource [WRST] (off)
[    2.382788] ACPI: Power Resource [WRST] (off)
[    2.383785] ACPI: Power Resource [WRST] (off)
[    2.384784] ACPI: Power Resource [WRST] (off)
[    2.385789] ACPI: Power Resource [WRST] (off)
[    2.386784] ACPI: Power Resource [WRST] (off)
[    2.387791] ACPI: Power Resource [WRST] (off)
[    2.388790] ACPI: Power Resource [WRST] (off)
[    2.389784] ACPI: Power Resource [WRST] (off)
[    2.390785] ACPI: Power Resource [WRST] (off)
[    2.391784] ACPI: Power Resource [WRST] (off)
[    2.392785] ACPI: Power Resource [WRST] (off)
[    2.393784] ACPI: Power Resource [WRST] (off)
[    2.394783] ACPI: Power Resource [WRST] (off)
[    2.395783] ACPI: Power Resource [WRST] (off)
[    2.396783] ACPI: Power Resource [WRST] (off)
[    2.397784] ACPI: Power Resource [WRST] (off)
[    2.398790] ACPI: Power Resource [WRST] (off)
[    2.399787] ACPI: Power Resource [WRST] (off)
[    2.410318] ACPI: Power Resource [FN00] (off)
[    2.410592] ACPI: Power Resource [FN01] (off)
[    2.411590] ACPI: Power Resource [FN02] (off)
[    2.412589] ACPI: Power Resource [FN03] (off)
[    2.413590] ACPI: Power Resource [FN04] (off)
[    2.415345] ACPI: PCI Root Bridge [PCI0] (domain 0000 [bus 00-fe])
[    2.415550] acpi PNP0A08:00: _OSC: OS supports [ExtendedConfig ASPM Cloc=
kPM Segments MSI HPX-Type3]
[    2.417777] acpi PNP0A08:00: _OSC: OS now controls [PCIeHotplug SHPCHotp=
lug PME AER PCIeCapability LTR]
[    2.418546] acpi PNP0A08:00: FADT indicates ASPM is unsupported, using B=
IOS configuration
[    2.420044] PCI host bridge to bus 0000:00
[    2.420549] pci_bus 0000:00: root bus resource [io  0x0000-0x0cf7 window]
[    2.421571] pci_bus 0000:00: root bus resource [io  0x0d00-0xffff window]
[    2.422554] pci_bus 0000:00: root bus resource [mem 0x000a0000-0x000bfff=
f window]
[    2.423546] pci_bus 0000:00: root bus resource [mem 0x8c000000-0xdffffff=
f window]
[    2.424550] pci_bus 0000:00: root bus resource [mem 0xfd000000-0xfe7ffff=
f window]
[    2.425546] pci_bus 0000:00: root bus resource [bus 00-fe]
[    2.426558] pci 0000:00:00.0: [8086:191f] type 00 class 0x060000
[    2.427802] pci 0000:00:01.0: [8086:1901] type 01 class 0x060400
[    2.428581] pci 0000:00:01.0: PME# supported from D0 D3hot D3cold
[    2.429696] pci 0000:00:02.0: [8086:1912] type 00 class 0x030000
[    2.430552] pci 0000:00:02.0: reg 0x10: [mem 0xde000000-0xdeffffff 64bit]
[    2.431549] pci 0000:00:02.0: reg 0x18: [mem 0xc0000000-0xcfffffff 64bit=
 pref]
[    2.432548] pci 0000:00:02.0: reg 0x20: [io  0xf000-0xf03f]
[    2.433712] pci 0000:00:14.0: [8086:a12f] type 00 class 0x0c0330
[    2.434562] pci 0000:00:14.0: reg 0x10: [mem 0xdf030000-0xdf03ffff 64bit]
[    2.435605] pci 0000:00:14.0: PME# supported from D3hot D3cold
[    2.436661] pci 0000:00:14.2: [8086:a131] type 00 class 0x118000
[    2.437561] pci 0000:00:14.2: reg 0x10: [mem 0xdf04e000-0xdf04efff 64bit]
[    2.438687] pci 0000:00:16.0: [8086:a13a] type 00 class 0x078000
[    2.439559] pci 0000:00:16.0: reg 0x10: [mem 0xdf04d000-0xdf04dfff 64bit]
[    2.440614] pci 0000:00:16.0: PME# supported from D3hot
[    2.441673] pci 0000:00:17.0: [8086:a102] type 00 class 0x010601
[    2.442555] pci 0000:00:17.0: reg 0x10: [mem 0xdf048000-0xdf049fff]
[    2.443550] pci 0000:00:17.0: reg 0x14: [mem 0xdf04c000-0xdf04c0ff]
[    2.444550] pci 0000:00:17.0: reg 0x18: [io  0xf090-0xf097]
[    2.445550] pci 0000:00:17.0: reg 0x1c: [io  0xf080-0xf083]
[    2.446550] pci 0000:00:17.0: reg 0x20: [io  0xf060-0xf07f]
[    2.447550] pci 0000:00:17.0: reg 0x24: [mem 0xdf04b000-0xdf04b7ff]
[    2.448579] pci 0000:00:17.0: PME# supported from D3hot
[    2.449664] pci 0000:00:1c.0: [8086:a110] type 01 class 0x060400
[    2.450605] pci 0000:00:1c.0: PME# supported from D0 D3hot D3cold
[    2.451713] pci 0000:00:1f.0: [8086:a146] type 00 class 0x060100
[    2.452742] pci 0000:00:1f.2: [8086:a121] type 00 class 0x058000
[    2.453557] pci 0000:00:1f.2: reg 0x10: [mem 0xdf044000-0xdf047fff]
[    2.454695] pci 0000:00:1f.3: [8086:a170] type 00 class 0x040300
[    2.455565] pci 0000:00:1f.3: reg 0x10: [mem 0xdf040000-0xdf043fff 64bit]
[    2.456573] pci 0000:00:1f.3: reg 0x20: [mem 0xdf020000-0xdf02ffff 64bit]
[    2.457589] pci 0000:00:1f.3: PME# supported from D3hot D3cold
[    2.458708] pci 0000:00:1f.4: [8086:a123] type 00 class 0x0c0500
[    2.459600] pci 0000:00:1f.4: reg 0x10: [mem 0xdf04a000-0xdf04a0ff 64bit]
[    2.460613] pci 0000:00:1f.4: reg 0x20: [io  0xf040-0xf05f]
[    2.461730] pci 0000:00:1f.6: [8086:15b7] type 00 class 0x020000
[    2.462563] pci 0000:00:1f.6: reg 0x10: [mem 0xdf000000-0xdf01ffff]
[    2.463647] pci 0000:00:1f.6: PME# supported from D0 D3hot D3cold
[    2.464673] pci 0000:00:01.0: PCI bridge to [bus 01]
[    2.465606] pci 0000:02:00.0: [104c:8240] type 01 class 0x060400
[    2.466679] pci 0000:02:00.0: supports D1 D2
[    2.467655] pci 0000:00:1c.0: PCI bridge to [bus 02-03]
[    2.468596] pci_bus 0000:03: extended config space not accessible
[    2.469609] pci 0000:02:00.0: PCI bridge to [bus 03]
[    2.472072] ACPI: PCI Interrupt Link [LNKA] (IRQs *7 12), disabled.
[    2.472581] ACPI: PCI Interrupt Link [LNKB] (IRQs 3 *10), disabled.
[    2.473579] ACPI: PCI Interrupt Link [LNKC] (IRQs 4 *5), disabled.
[    2.474579] ACPI: PCI Interrupt Link [LNKD] (IRQs 6 *11), disabled.
[    2.475578] ACPI: PCI Interrupt Link [LNKE] (IRQs *7 11), disabled.
[    2.476578] ACPI: PCI Interrupt Link [LNKF] (IRQs *3 10), disabled.
[    2.477578] ACPI: PCI Interrupt Link [LNKG] (IRQs *4 5), disabled.
[    2.478578] ACPI: PCI Interrupt Link [LNKH] (IRQs 6 12) *11, disabled.
[    2.479931] iommu: Default domain type: Translated=20
[    2.480557] pci 0000:00:02.0: vgaarb: setting as boot VGA device
[    2.481544] pci 0000:00:02.0: vgaarb: VGA device added: decodes=3Dio+mem=
,owns=3Dio+mem,locks=3Dnone
[    2.481547] pci 0000:00:02.0: vgaarb: bridge control possible
[    2.482545] vgaarb: loaded
[    2.483600] SCSI subsystem initialized
[    2.484556] ACPI: bus type USB registered
[    2.485554] usbcore: registered new interface driver usbfs
[    2.486549] usbcore: registered new interface driver hub
[    2.487555] usbcore: registered new device driver usb
[    2.488556] pps_core: LinuxPPS API ver. 1 registered
[    2.489545] pps_core: Software ver. 5.3.6 - Copyright 2005-2007 Rodolfo =
Giometti <giometti@linux.it>
[    2.490546] PTP clock support registered
[    2.491556] EDAC MC: Ver: 3.0.0
[    2.492641] NetLabel: Initializing
[    2.493546] NetLabel:  domain hash size =3D 128
[    2.494545] NetLabel:  protocols =3D UNLABELED CIPSOv4 CALIPSO
[    2.495556] NetLabel:  unlabeled traffic allowed by default
[    2.496545] PCI: Using ACPI for IRQ routing
[    2.525098] PCI: pci_cache_line_size set to 64 bytes
[    2.525585] e820: reserve RAM buffer [mem 0x0009c800-0x0009ffff]
[    2.526546] e820: reserve RAM buffer [mem 0x7caa6000-0x7fffffff]
[    2.527545] e820: reserve RAM buffer [mem 0x7cb23000-0x7fffffff]
[    2.528545] e820: reserve RAM buffer [mem 0x86f57000-0x87ffffff]
[    2.529546] e820: reserve RAM buffer [mem 0x872000000-0x873ffffff]
[    2.530662] hpet0: at MMIO 0xfed00000, IRQs 2, 8, 0, 0, 0, 0, 0, 0
[    2.531546] hpet0: 8 comparators, 64-bit 24.000000 MHz counter
[    2.534554] clocksource: Switched to clocksource tsc-early
[    2.562347] VFS: Disk quotas dquot_6.6.0
[    2.566353] VFS: Dquot-cache hash table entries: 512 (order 0, 4096 byte=
s)
[    2.573341] AppArmor: AppArmor Filesystem Enabled
[    2.578119] pnp: PnP ACPI init
[    2.581432] system 00:00: [io  0x0a00-0x0a3f] has been reserved
[    2.587408] system 00:00: [io  0x0a40-0x0a7f] has been reserved
[    2.593382] system 00:00: Plug and Play ACPI device, IDs PNP0c02 (active)
[    2.600687] pnp 00:01: [dma 0 disabled]
[    2.604621] pnp 00:01: Plug and Play ACPI device, IDs PNP0501 (active)
[    2.611325] system 00:02: [io  0x0680-0x069f] has been reserved
[    2.617298] system 00:02: [io  0xffff] has been reserved
[    2.622667] system 00:02: [io  0xffff] has been reserved
[    2.628039] system 00:02: [io  0xffff] has been reserved
[    2.633408] system 00:02: [io  0x1800-0x18fe] has been reserved
[    2.639382] system 00:02: [io  0x164e-0x164f] has been reserved
[    2.645355] system 00:02: Plug and Play ACPI device, IDs PNP0c02 (active)
[    2.652252] system 00:03: [io  0x0800-0x087f] has been reserved
[    2.658228] system 00:03: Plug and Play ACPI device, IDs PNP0c02 (active)
[    2.665075] pnp 00:04: Plug and Play ACPI device, IDs PNP0b00 (active)
[    2.671671] system 00:05: [io  0x1854-0x1857] has been reserved
[    2.677644] system 00:05: Plug and Play ACPI device, IDs INT3f0d PNP0c02=
 (active)
[    2.685343] system 00:06: [mem 0xfed10000-0xfed17fff] has been reserved
[    2.692017] system 00:06: [mem 0xfed18000-0xfed18fff] has been reserved
[    2.698688] system 00:06: [mem 0xfed19000-0xfed19fff] has been reserved
[    2.705360] system 00:06: [mem 0xe0000000-0xefffffff] has been reserved
[    2.712034] system 00:06: [mem 0xfed20000-0xfed3ffff] has been reserved
[    2.718697] system 00:06: [mem 0xfed90000-0xfed93fff] could not be reser=
ved
[    2.725702] system 00:06: [mem 0xfed45000-0xfed8ffff] has been reserved
[    2.732363] system 00:06: [mem 0xff000000-0xffffffff] has been reserved
[    2.739025] system 00:06: [mem 0xfee00000-0xfeefffff] could not be reser=
ved
[    2.746030] system 00:06: [mem 0xdffe0000-0xdfffffff] has been reserved
[    2.752691] system 00:06: Plug and Play ACPI device, IDs PNP0c02 (active)
[    2.759551] system 00:07: [mem 0xfd000000-0xfdabffff] has been reserved
[    2.766213] system 00:07: [mem 0xfdad0000-0xfdadffff] has been reserved
[    2.772873] system 00:07: [mem 0xfdb00000-0xfdffffff] has been reserved
[    2.779534] system 00:07: [mem 0xfe000000-0xfe01ffff] could not be reser=
ved
[    2.786537] system 00:07: [mem 0xfe036000-0xfe03bfff] has been reserved
[    2.793196] system 00:07: [mem 0xfe03d000-0xfe3fffff] has been reserved
[    2.799857] system 00:07: [mem 0xfe410000-0xfe7fffff] has been reserved
[    2.806517] system 00:07: Plug and Play ACPI device, IDs PNP0c02 (active)
[    2.813571] system 00:08: [io  0xff00-0xfffe] has been reserved
[    2.819544] system 00:08: Plug and Play ACPI device, IDs PNP0c02 (active)
[    2.827189] system 00:09: [mem 0xfdaf0000-0xfdafffff] has been reserved
[    2.833849] system 00:09: [mem 0xfdae0000-0xfdaeffff] has been reserved
[    2.840509] system 00:09: [mem 0xfdac0000-0xfdacffff] has been reserved
[    2.847171] system 00:09: Plug and Play ACPI device, IDs PNP0c02 (active)
[    2.854635] pnp: PnP ACPI: found 10 devices
[    2.864140] clocksource: acpi_pm: mask: 0xffffff max_cycles: 0xffffff, m=
ax_idle_ns: 2085701024 ns
[    2.873093] NET: Registered protocol family 2
[    2.877611] tcp_listen_portaddr_hash hash table entries: 16384 (order: 6=
, 262144 bytes, linear)
[    2.886380] TCP established hash table entries: 262144 (order: 9, 209715=
2 bytes, linear)
[    2.894696] TCP bind hash table entries: 65536 (order: 8, 1048576 bytes,=
 linear)
[    2.902230] TCP: Hash tables configured (established 262144 bind 65536)
[    2.908906] UDP hash table entries: 16384 (order: 7, 524288 bytes, linea=
r)
[    2.915868] UDP-Lite hash table entries: 16384 (order: 7, 524288 bytes, =
linear)
[    2.923303] NET: Registered protocol family 1
[    2.927802] RPC: Registered named UNIX socket transport module.
[    2.933783] RPC: Registered udp transport module.
[    2.938558] RPC: Registered tcp transport module.
[    2.943330] RPC: Registered tcp NFSv4.1 backchannel transport module.
[    2.949830] NET: Registered protocol family 44
[    2.954345] pci 0000:00:01.0: PCI bridge to [bus 01]
[    2.959378] pci 0000:02:00.0: PCI bridge to [bus 03]
[    2.964418] pci 0000:00:1c.0: PCI bridge to [bus 02-03]
[    2.969707] pci_bus 0000:00: resource 4 [io  0x0000-0x0cf7 window]
[    2.975939] pci_bus 0000:00: resource 5 [io  0x0d00-0xffff window]
[    2.982172] pci_bus 0000:00: resource 6 [mem 0x000a0000-0x000bffff windo=
w]
[    2.989090] pci_bus 0000:00: resource 7 [mem 0x8c000000-0xdfffffff windo=
w]
[    2.996009] pci_bus 0000:00: resource 8 [mem 0xfd000000-0xfe7fffff windo=
w]
[    3.003016] pci 0000:00:02.0: Video device with shadowed ROM at [mem 0x0=
00c0000-0x000dffff]
[    3.011498] IOAPIC[2]: Set IRTE entry (P:1 FPD:0 Dst_Mode:1 Redir_hint:1=
 Trig_Mode:0 Dlvry_Mode:0 Avail:0 Vector:EF Dest:00000100 SID:F0F8 SQ:0 SVT=
:1)
[    3.024980] IOAPIC[0]: Set routing entry (2-18 -> 0xef -> IRQ 18 Mode:1 =
Active:1 Dest:1)
[    3.033208] pci 0000:00:14.0: quirk_usb_early_handoff+0x0/0x620 took 212=
74 usecs
[    3.040687] PCI: CLS 0 bytes, default 64
[    3.044701] Trying to unpack rootfs image as initramfs...
[   10.755007] Freeing initrd memory: 836152K
[   10.759205] PCI-DMA: Using software bounce buffering for IO (SWIOTLB)
[   10.765692] software IO TLB: mapped [mem 0x0000000082f57000-0x0000000086=
f57000] (64MB)
[   10.774350] Initialise system trusted keyrings
[   10.778870] Key type blacklist registered
[   10.782975] workingset: timestamp_bits=3D36 max_order=3D23 bucket_order=
=3D0
[   10.790328] zbud: loaded
[   10.800104] NET: Registered protocol family 38
[   10.804615] Key type asymmetric registered
[   10.808780] Asymmetric key parser 'x509' registered
[   10.813723] Block layer SCSI generic (bsg) driver version 0.4 loaded (ma=
jor 247)
[   10.821196] io scheduler mq-deadline registered
[   10.825791] io scheduler kyber registered
[   10.829885] io scheduler bfq registered
[   10.833815] atomic64_test: passed for x86-64 platform with CX8 and with =
SSE
[   10.840952] IOAPIC[2]: Set IRTE entry (P:1 FPD:0 Dst_Mode:1 Redir_hint:1=
 Trig_Mode:0 Dlvry_Mode:0 Avail:0 Vector:EF Dest:00000100 SID:F0F8 SQ:0 SVT=
:1)
[   10.854433] IOAPIC[0]: Set routing entry (2-16 -> 0xef -> IRQ 16 Mode:1 =
Active:1 Dest:1)
[   10.862610] pcieport 0000:00:01.0: PME: Signaling with IRQ 122
[   10.868638] pcieport 0000:00:1c.0: PME: Signaling with IRQ 123
[   10.874561] pcieport 0000:00:1c.0: AER: enabled with IRQ 123
[   10.880350] shpchp: Standard Hot Plug PCI Controller Driver version: 0.4
[   10.887116] intel_idle: MWAIT substates: 0x142120
[   10.891885] intel_idle: v0.5.1 model 0x5E
[   10.896224] intel_idle: Local APIC timer is reliable in all C-states
[   10.902795] input: Sleep Button as /devices/LNXSYSTM:00/LNXSYBUS:00/PNP0=
C0E:00/input/input0
[   10.911224] ACPI: Sleep Button [SLPB]
[   10.914991] input: Power Button as /devices/LNXSYSTM:00/LNXSYBUS:00/PNP0=
C0C:00/input/input1
[   10.923402] ACPI: Power Button [PWRB]
[   10.927184] input: Power Button as /devices/LNXSYSTM:00/LNXPWRBN:00/inpu=
t/input2
[   10.934668] ACPI: Power Button [PWRF]
[   10.939393] thermal LNXTHERM:00: registered as thermal_zone0
[   10.945110] ACPI: Thermal Zone [TZ00] (28 C)
[   10.949527] thermal LNXTHERM:01: registered as thermal_zone1
[   10.955241] ACPI: Thermal Zone [TZ01] (30 C)
[   10.959636] ERST DBG: ERST support is disabled.
[   10.964365] Serial: 8250/16550 driver, 4 ports, IRQ sharing enabled
[   10.970755] 00:01: ttyS0 at I/O 0x3f8 (irq =3D 4, base_baud =3D 115200) =
is a 16550A
[   10.978998] Non-volatile memory driver v1.3
[   10.983664] rdac: device handler registered
[   10.988046] hp_sw: device handler registered
[   10.992382] emc: device handler registered
[   10.996608] alua: device handler registered
[   11.000931] e1000: Intel(R) PRO/1000 Network Driver
[   11.005867] e1000: Copyright (c) 1999-2006 Intel Corporation.
[   11.011681] e1000e: Intel(R) PRO/1000 Network Driver
[   11.016712] e1000e: Copyright(c) 1999 - 2015 Intel Corporation.
[   11.022795] IOAPIC[2]: Set IRTE entry (P:1 FPD:0 Dst_Mode:1 Redir_hint:1=
 Trig_Mode:0 Dlvry_Mode:0 Avail:0 Vector:EF Dest:00000100 SID:F0F8 SQ:0 SVT=
:1)
[   11.038757] IOAPIC[0]: Set routing entry (2-19 -> 0xef -> IRQ 19 Mode:1 =
Active:1 Dest:1)
[   11.046967] e1000e 0000:00:1f.6: Interrupt Throttling Rate (ints/sec) se=
t to dynamic conservative mode
[   11.286393] e1000e 0000:00:1f.6 0000:00:1f.6 (uninitialized): registered=
 PHC clock
[   11.359761] e1000e 0000:00:1f.6 eth0: (PCI Express:2.5GT/s:Width x1) 64:=
00:6a:30:92:35
[   11.367739] e1000e 0000:00:1f.6 eth0: Intel(R) PRO/1000 Network Connecti=
on
[   11.374763] e1000e 0000:00:1f.6 eth0: MAC: 12, PHY: 12, PBA No: FFFFFF-0=
FF
[   11.381695] igb: Intel(R) Gigabit Ethernet Network Driver
[   11.387151] igb: Copyright (c) 2007-2014 Intel Corporation.
[   11.392787] ixgbe: Intel(R) 10 Gigabit PCI Express Network Driver
[   11.398930] ixgbe: Copyright (c) 1999-2016 Intel Corporation.
[   11.404956] i40e: Intel(R) Ethernet Connection XL710 Network Driver
[   11.411275] i40e: Copyright (c) 2013 - 2019 Intel Corporation.
[   11.417249] usbcore: registered new interface driver r8152
[   11.422809] usbcore: registered new interface driver asix
[   11.428266] usbcore: registered new interface driver ax88179_178a
[   11.434552] ehci_hcd: USB 2.0 'Enhanced' Host Controller (EHCI) Driver
[   11.441148] ehci-pci: EHCI PCI platform driver
[   11.445666] ohci_hcd: USB 1.1 'Open' Host Controller (OHCI) Driver
[   11.451911] ohci-pci: OHCI PCI platform driver
[   11.456424] uhci_hcd: USB Universal Host Controller Interface driver
[   11.462973] IOAPIC[2]: Set IRTE entry (P:1 FPD:0 Dst_Mode:1 Redir_hint:1=
 Trig_Mode:0 Dlvry_Mode:0 Avail:0 Vector:EF Dest:00000100 SID:F0F8 SQ:0 SVT=
:1)
[   11.476453] IOAPIC[0]: Set routing entry (2-18 -> 0xef -> IRQ 18 Mode:1 =
Active:1 Dest:1)
[   11.484636] xhci_hcd 0000:00:14.0: xHCI Host Controller
[   11.490086] xhci_hcd 0000:00:14.0: new USB bus registered, assigned bus =
number 1
[   11.498640] xhci_hcd 0000:00:14.0: hcc params 0x200077c1 hci version 0x1=
00 quirks 0x0000000001109810
[   11.507896] xhci_hcd 0000:00:14.0: cache line size of 64 is not supported
[   11.514886] usb usb1: New USB device found, idVendor=3D1d6b, idProduct=
=3D0002, bcdDevice=3D 5.10
[   11.523201] usb usb1: New USB device strings: Mfr=3D3, Product=3D2, Seri=
alNumber=3D1
[   11.530480] usb usb1: Product: xHCI Host Controller
[   11.535420] usb usb1: Manufacturer: Linux 5.10.0-rc3-01127-g8c3b1ba0e7ea=
 xhci-hcd
[   11.542958] usb usb1: SerialNumber: 0000:00:14.0
[   11.547851] hub 1-0:1.0: USB hub found
[   11.551729] hub 1-0:1.0: 16 ports detected
[   11.556711] xhci_hcd 0000:00:14.0: xHCI Host Controller
[   11.562144] xhci_hcd 0000:00:14.0: new USB bus registered, assigned bus =
number 2
[   11.569600] xhci_hcd 0000:00:14.0: Host supports USB 3.0 SuperSpeed
[   11.575954] usb usb2: New USB device found, idVendor=3D1d6b, idProduct=
=3D0003, bcdDevice=3D 5.10
[   11.584280] usb usb2: New USB device strings: Mfr=3D3, Product=3D2, Seri=
alNumber=3D1
[   11.591558] usb usb2: Product: xHCI Host Controller
[   11.596496] usb usb2: Manufacturer: Linux 5.10.0-rc3-01127-g8c3b1ba0e7ea=
 xhci-hcd
[   11.604033] usb usb2: SerialNumber: 0000:00:14.0
[   11.608927] hub 2-0:1.0: USB hub found
[   11.612778] hub 2-0:1.0: 10 ports detected
[   11.617313] usb: port power management may be unreliable
[   11.622891] i8042: PNP: No PS/2 controller found.
[   11.627739] mousedev: PS/2 mouse device common for all mice
[   11.633511] rtc_cmos 00:04: RTC can wake from S4
[   11.638839] rtc_cmos 00:04: registered as rtc0
[   11.643509] rtc_cmos 00:04: setting system clock to 2020-12-25T16:24:04 =
UTC (1608913444)
[   11.651660] rtc_cmos 00:04: alarms up to one month, y3k, 242 bytes nvram=
, hpet irqs
[   11.659516] i801_smbus 0000:00:1f.4: SPD Write Disable is set
[   11.665458] i801_smbus 0000:00:1f.4: SMBus using PCI interrupt
[   11.675002] i2c i2c-0: 4/4 memory slots populated (from DMI)
[   11.681232] i2c i2c-0: Successfully instantiated SPD at 0x50
[   11.687468] i2c i2c-0: Successfully instantiated SPD at 0x51
[   11.693715] i2c i2c-0: Successfully instantiated SPD at 0x52
[   11.699950] i2c i2c-0: Successfully instantiated SPD at 0x53
[   11.705717] iTCO_wdt: Intel TCO WatchDog Timer Driver v1.11
[   11.711427] iTCO_wdt: Found a Intel PCH TCO device (Version=3D4, TCOBASE=
=3D0x0400)
[   11.719034] iTCO_wdt: initialized. heartbeat=3D30 sec (nowayout=3D0)
[   11.725126] iTCO_vendor_support: vendor-support=3D0
[   11.729916] intel_pstate: Intel P-state driver initializing
[   11.736271] intel_pstate: HWP enabled
[   11.740240] hid: raw HID events driver (C) Jiri Kosina
[   11.745481] usbcore: registered new interface driver usbhid
[   11.751113] usbhid: USB HID core driver
[   11.755047] drop_monitor: Initializing network drop monitor service
[   11.761406] Initializing XFRM netlink socket
[   11.765807] NET: Registered protocol family 10
[   11.770514] Segment Routing with IPv6
[   11.774260] NET: Registered protocol family 17
[   11.778962] 9pnet: Installing 9P2000 support
[   11.783314] mpls_gso: MPLS GSO support
[   11.787762] microcode: sig=3D0x506e3, pf=3D0x2, revision=3D0xe2
[   11.793429] microcode: Microcode Update Driver: v2.2.
[   11.793446] IPI shorthand broadcast: enabled
[   11.803013] ... APIC ID:      00000000 (0)
[   11.804011] ... APIC VERSION: 01060015
[   11.804011] 000000000000000000000000000000000000000000000000000000000000=
0000
[   11.804011] 000000000000000000000000000000000000000000000000000000000000=
0000
[   11.804011] 000000000000000000000000000000000000000000000000000000000800=
1000
[   11.804011]=20
[   11.832284] number of MP IRQ sources: 15.
[   11.837596] tsc: Refined TSC clocksource calibration: 3192.000 MHz
[   11.837939] number of IO-APIC #2 registers: 120.
[   11.844174] clocksource: tsc: mask: 0xffffffffffffffff max_cycles: 0x2e0=
2c4a121d, max_idle_ns: 440795236083 ns
[   11.848852] testing the IO APIC.......................
[   11.864099] IO APIC #2......
[   11.867057] .... register #00: 02000000
[   11.870964] .......    : physical APIC id: 02
[   11.875387] .......    : Delivery Type: 0
[   11.879467] .......    : LTS          : 0
[   11.883543] .... register #01: 00770020
[   11.887449] .......     : max redirection entries: 77
[   11.892561] .......     : PRQ implemented: 0
[   11.896895] .......     : IO APIC version: 20
[   11.901318] .... register #02: 00000000
[   11.905223] .......     : arbitration: 00
[   11.909302] .... IRQ redirection table:
[   11.913208] IOAPIC 0:
[   11.915574]  pin00, disabled, edge , high, V(00), IRR(0), S(0), physical=
, D(00), M(0)
[   11.923465]  pin01, disabled, edge , high, V(00), IRR(0), S(0), physical=
, D(00), M(0)
